Component: ARM Compiler 5.06 update 6 (build 750) Tool: armlink [4d35ed]

==============================================================================

Section Cross References

    startup_stm32l053xx.o(RESET) refers to startup_stm32l053xx.o(STACK) for __initial_sp
    startup_stm32l053xx.o(RESET) refers to startup_stm32l053xx.o(.text) for Reset_Handler
    startup_stm32l053xx.o(RESET) refers to stm32l0xx_it.o(i.NMI_Handler) for NMI_Handler
    startup_stm32l053xx.o(RESET) refers to stm32l0xx_it.o(i.HardFault_Handler) for HardFault_Handler
    startup_stm32l053xx.o(RESET) refers to stm32l0xx_it.o(i.SVC_Handler) for SVC_Handler
    startup_stm32l053xx.o(RESET) refers to stm32l0xx_it.o(i.PendSV_Handler) for PendSV_Handler
    startup_stm32l053xx.o(RESET) refers to stm32l0xx_it.o(i.SysTick_Handler) for SysTick_Handler
    startup_stm32l053xx.o(RESET) refers to stm32l0xx_it.o(i.DMA1_Channel1_IRQHandler) for DMA1_Channel1_IRQHandler
    startup_stm32l053xx.o(RESET) refers to stm32l0xx_it.o(i.DMA1_Channel2_3_IRQHandler) for DMA1_Channel2_3_IRQHandler
    startup_stm32l053xx.o(RESET) refers to stm32l0xx_it.o(i.ADC1_COMP_IRQHandler) for ADC1_COMP_IRQHandler
    startup_stm32l053xx.o(RESET) refers to stm32l0xx_it.o(i.USART1_IRQHandler) for USART1_IRQHandler
    startup_stm32l053xx.o(.text) refers to system_stm32l0xx.o(i.SystemInit) for SystemInit
    startup_stm32l053xx.o(.text) refers to entry.o(.ARM.Collect$$$$00000000) for __main
    gpio.o(i.MX_GPIO_Init) refers to memseta.o(.text) for __aeabi_memclr4
    gpio.o(i.MX_GPIO_Init) refers to gpio.o(i.LL_IOP_GRP1_EnableClock) for LL_IOP_GRP1_EnableClock
    gpio.o(i.MX_GPIO_Init) refers to gpio.o(i.LL_GPIO_ResetOutputPin) for LL_GPIO_ResetOutputPin
    gpio.o(i.MX_GPIO_Init) refers to stm32l0xx_ll_exti.o(i.LL_EXTI_Init) for LL_EXTI_Init
    gpio.o(i.MX_GPIO_Init) refers to stm32l0xx_ll_gpio.o(i.LL_GPIO_Init) for LL_GPIO_Init
    adc.o(i.MX_ADC_Init) refers to memseta.o(.text) for __aeabi_memclr4
    adc.o(i.MX_ADC_Init) refers to stm32l0xx_ll_gpio.o(i.LL_GPIO_Init) for LL_GPIO_Init
    adc.o(i.MX_ADC_Init) refers to adc.o(i.__NVIC_SetPriority) for __NVIC_SetPriority
    adc.o(i.MX_ADC_Init) refers to stm32l0xx_ll_adc.o(i.LL_ADC_REG_Init) for LL_ADC_REG_Init
    adc.o(i.MX_ADC_Init) refers to stm32l0xx_ll_adc.o(i.LL_ADC_Init) for LL_ADC_Init
    adc.o(i.MX_ADC_Init) refers to uidiv.o(.text) for __aeabi_uidivmod
    adc.o(i.MX_ADC_Init) refers to adc.o(.constdata) for CHANNEL_OFFSET_TAB
    adc.o(i.MX_ADC_Init) refers to system_stm32l0xx.o(.data) for SystemCoreClock
    dma.o(i.MX_DMA_Init) refers to dma.o(i.__NVIC_SetPriority) for __NVIC_SetPriority
    dma.o(i.MX_DMA_Init) refers to dma.o(i.__NVIC_EnableIRQ) for __NVIC_EnableIRQ
    spi.o(i.MX_SPI1_Init) refers to memseta.o(.text) for __aeabi_memclr4
    spi.o(i.MX_SPI1_Init) refers to spi.o(i.LL_IOP_GRP1_EnableClock) for LL_IOP_GRP1_EnableClock
    spi.o(i.MX_SPI1_Init) refers to stm32l0xx_ll_gpio.o(i.LL_GPIO_Init) for LL_GPIO_Init
    spi.o(i.MX_SPI1_Init) refers to stm32l0xx_ll_spi.o(i.LL_SPI_Init) for LL_SPI_Init
    usart.o(i.MX_USART1_UART_Init) refers to memseta.o(.text) for __aeabi_memclr4
    usart.o(i.MX_USART1_UART_Init) refers to stm32l0xx_ll_gpio.o(i.LL_GPIO_Init) for LL_GPIO_Init
    usart.o(i.MX_USART1_UART_Init) refers to usart.o(i.__NVIC_SetPriority) for __NVIC_SetPriority
    usart.o(i.MX_USART1_UART_Init) refers to stm32l0xx_ll_usart.o(i.LL_USART_Init) for LL_USART_Init
    usart.o(i.MX_USART1_UART_Init) refers to usart.o(.constdata) for CHANNEL_OFFSET_TAB
    main.o(i.Activate_ADC) refers to main.o(i.LL_ADC_IsEnabled) for LL_ADC_IsEnabled
    main.o(i.Activate_ADC) refers to main.o(i.LL_ADC_REG_SetDMATransfer) for LL_ADC_REG_SetDMATransfer
    main.o(i.LL_DMA_ConfigAddresses) refers to main.o(.constdata) for CHANNEL_OFFSET_TAB
    main.o(i.LL_DMA_EnableChannel) refers to main.o(.constdata) for CHANNEL_OFFSET_TAB
    main.o(i.LL_DMA_SetDataLength) refers to main.o(.constdata) for CHANNEL_OFFSET_TAB
    main.o(i.Start_ADC1DMA) refers to main.o(i.LL_DMA_ConfigAddresses) for LL_DMA_ConfigAddresses
    main.o(i.Start_ADC1DMA) refers to main.o(i.LL_DMA_SetDataLength) for LL_DMA_SetDataLength
    main.o(i.Start_ADC1DMA) refers to main.o(i.LL_DMA_EnableChannel) for LL_DMA_EnableChannel
    main.o(i.Start_ADC1DMA) refers to main.o(.data) for Value_ADC
    main.o(i.Start_U1DMA) refers to main.o(i.LL_DMA_ConfigAddresses) for LL_DMA_ConfigAddresses
    main.o(i.Start_U1DMA) refers to main.o(i.LL_DMA_SetDataLength) for LL_DMA_SetDataLength
    main.o(i.Start_U1DMA) refers to main.o(i.LL_DMA_EnableChannel) for LL_DMA_EnableChannel
    main.o(i.Start_U1DMA) refers to main.o(.bss) for U1DMA_RXBUF
    main.o(i.SystemClock_Config) refers to stm32l0xx_ll_utils.o(i.LL_Init1msTick) for LL_Init1msTick
    main.o(i.SystemClock_Config) refers to stm32l0xx_ll_utils.o(i.LL_SetSystemCoreClock) for LL_SetSystemCoreClock
    main.o(i.main) refers to main.o(i.SystemClock_Config) for SystemClock_Config
[...]
    printf3.o(i.__0printf$3) refers to stdout.o(.data) for __stdout
    printf3.o(i.__0snprintf$3) refers to printf3.o(i._printf_core) for _printf_core
    printf3.o(i.__0snprintf$3) refers to printf3.o(i._snputc) for _snputc
    printf3.o(i.__0sprintf$3) refers to printf3.o(i._printf_core) for _printf_core
    printf3.o(i.__0sprintf$3) refers to printf3.o(i._sputc) for _sputc
    printf3.o(i.__0vfprintf$3) refers to printf3.o(i._printf_core) for _printf_core
    printf3.o(i.__0vfprintf$3) refers to uprintf.o(i.fputc) for fputc
    printf3.o(i.__0vprintf$3) refers to printf3.o(i._printf_core) for _printf_core
    printf3.o(i.__0vprintf$3) refers to uprintf.o(i.fputc) for fputc
    printf3.o(i.__0vprintf$3) refers to stdout.o(.data) for __stdout
    printf3.o(i.__0vsnprintf$3) refers to printf3.o(i._printf_core) for _printf_core
    printf3.o(i.__0vsnprintf$3) refers to printf3.o(i._snputc) for _snputc
    printf3.o(i.__0vsprintf$3) refers to printf3.o(i._printf_core) for _printf_core
    printf3.o(i.__0vsprintf$3) refers to printf3.o(i._sputc) for _sputc
    printf3.o(i._printf_core) refers to uidiv.o(.text) for __aeabi_uidivmod
    printf4.o(i.__0fprintf$4) refers to printf4.o(i._printf_core) for _printf_core
    printf4.o(i.__0fprintf$4) refers to uprintf.o(i.fputc) for fputc
    printf4.o(i.__0printf$4) refers to printf4.o(i._printf_core) for _printf_core
    printf4.o(i.__0printf$4) refers to uprintf.o(i.fputc) for fputc
    printf4.o(i.__0printf$4) refers to stdout.o(.data) for __stdout
    printf4.o(i.__0snprintf$4) refers to printf4.o(i._printf_core) for _printf_core
    printf4.o(i.__0snprintf$4) refers to printf4.o(i._snputc) for _snputc
    printf4.o(i.__0sprintf$4) refers to printf4.o(i._printf_core) for _printf_core
    printf4.o(i.__0sprintf$4) refers to printf4.o(i._sputc) for _sputc
    printf4.o(i.__0vfprintf$4) refers to printf4.o(i._printf_core) for _printf_core
    printf4.o(i.__0vfprintf$4) refers to uprintf.o(i.fputc) for fputc
    printf4.o(i.__0vprintf$4) refers to printf4.o(i._printf_core) for _printf_core
    printf4.o(i.__0vprintf$4) refers to uprintf.o(i.fputc) for fputc
    printf4.o(i.__0vprintf$4) refers to stdout.o(.data) for __stdout
    printf4.o(i.__0vsnprintf$4) refers to printf4.o(i._printf_core) for _printf_core
    printf4.o(i.__0vsnprintf$4) refers to printf4.o(i._snputc) for _snputc
    printf4.o(i.__0vsprintf$4) refers to printf4.o(i._printf_core) for _printf_core
    printf4.o(i.__0vsprintf$4) refers to printf4.o(i._sputc) for _sputc
    printf4.o(i._printf_core) refers to uldiv.o(.text) for __aeabi_uldivmod
    printf5.o(i.__0fprintf$5) refers to printf5.o(i._printf_core) for _printf_core
    printf5.o(i.__0fprintf$5) refers to uprintf.o(i.fputc) for fputc
    printf5.o(i.__0printf$5) refers to printf5.o(i._printf_core) for _printf_core
    printf5.o(i.__0printf$5) refers to uprintf.o(i.fputc) for fputc
    printf5.o(i.__0printf$5) refers to stdout.o(.data) for __stdout
    printf5.o(i.__0snprintf$5) refers to printf5.o(i._printf_core) for _printf_core
    printf5.o(i.__0snprintf$5) refers to printf5.o(i._snputc) for _snputc
    printf5.o(i.__0sprintf$5) refers to printf5.o(i._printf_core) for _printf_core
    printf5.o(i.__0sprintf$5) refers to printf5.o(i._sputc) for _sputc
    printf5.o(i.__0vfprintf$5) refers to printf5.o(i._printf_core) for _printf_core
    printf5.o(i.__0vfprintf$5) refers to uprintf.o(i.fputc) for fputc
    printf5.o(i.__0vprintf$5) refers to printf5.o(i._printf_core) for _printf_core
    printf5.o(i.__0vprintf$5) refers to uprintf.o(i.fputc) for fputc
    printf5.o(i.__0vprintf$5) refers to stdout.o(.data) for __stdout
    printf5.o(i.__0vsnprintf$5) refers to printf5.o(i._printf_core) for _printf_core
    printf5.o(i.__0vsnprintf$5) refers to printf5.o(i._snputc) for _snputc
    printf5.o(i.__0vsprintf$5) refers to printf5.o(i._printf_core) for _printf_core
    printf5.o(i.__0vsprintf$5) refers to printf5.o(i._sputc) for _sputc
    printf5.o(i._printf_core) refers to uldiv.o(.text) for __aeabi_uldivmod
    printf6.o(i.__0fprintf$6) refers to printf6.o(i._printf_core) for _printf_core
    printf6.o(i.__0fprintf$6) refers to uprintf.o(i.fputc) for fputc
    printf6.o(i.__0printf$6) refers to printf6.o(i._printf_core) for _printf_core
    printf6.o(i.__0printf$6) refers to uprintf.o(i.fputc) for fputc
    printf6.o(i.__0printf$6) refers to stdout.o(.data) for __stdout
    printf6.o(i.__0snprintf$6) refers to printf6.o(i._printf_core) for _printf_core
    printf6.o(i.__0snprintf$6) refers to printf6.o(i._snputc) for _snputc
    printf6.o(i.__0sprintf$6) refers to printf6.o(i._printf_core) for _printf_core
    printf6.o(i.__0sprintf$6) refers to printf6.o(i._sputc) for _sputc
    printf6.o(i.__0vfprintf$6) refers to printf6.o(i._printf_core) for _printf_core
    printf6.o(i.__0vfprintf$6) refers to uprintf.o(i.fputc) for fputc
    printf6.o(i.__0vprintf$6) refers to printf6.o(i._printf_core) for _printf_core
    printf6.o(i.__0vprintf$6) refers to uprintf.o(i.fputc) for fputc
    printf6.o(i.__0vprintf$6) refers to stdout.o(.data) for __stdout
    printf6.o(i.__0vsnprintf$6) refers to printf6.o(i._printf_core) for _printf_core
    printf6.o(i.__0vsnprintf$6) refers to printf6.o(i._snputc) for _snputc
    printf6.o(i.__0vsprintf$6) refers to printf6.o(i._printf_core) for _printf_core
    printf6.o(i.__0vsprintf$6) refers to printf6.o(i._sputc) for _sputc
    printf6.o(i._printf_core) refers to printf6.o(i._printf_pre_padding) for _printf_pre_padding
    printf6.o(i._printf_core) refers to printf6.o(i._printf_post_padding) for _printf_post_padding
    printf6.o(i._printf_core) refers to uidiv.o(.text) for __aeabi_uidivmod
    printf7.o(i.__0fprintf$7) refers to printf7.o(i._printf_core) for _printf_core
    printf7.o(i.__0fprintf$7) refers to uprintf.o(i.fputc) for fputc
    printf7.o(i.__0printf$7) refers to printf7.o(i._printf_core) for _printf_core
    printf7.o(i.__0printf$7) refers to uprintf.o(i.fputc) for fputc
    printf7.o(i.__0printf$7) refers to stdout.o(.data) for __stdout
    printf7.o(i.__0snprintf$7) refers to printf7.o(i._printf_core) for _printf_core
    printf7.o(i.__0snprintf$7) refers to printf7.o(i._snputc) for _snputc
    printf7.o(i.__0sprintf$7) refers to printf7.o(i._printf_core) for _printf_core
    printf7.o(i.__0sprintf$7) refers to printf7.o(i._sputc) for _sputc
    printf7.o(i.__0vfprintf$7) refers to printf7.o(i._printf_core) for _printf_core
    printf7.o(i.__0vfprintf$7) refers to uprintf.o(i.fputc) for fputc
    printf7.o(i.__0vprintf$7) refers to printf7.o(i._printf_core) for _printf_core
    printf7.o(i.__0vprintf$7) refers to uprintf.o(i.fputc) for fputc
    printf7.o(i.__0vprintf$7) refers to stdout.o(.data) for __stdout
    printf7.o(i.__0vsnprintf$7) refers to printf7.o(i._printf_core) for _printf_core
    printf7.o(i.__0vsnprintf$7) refers to printf7.o(i._snputc) for _snputc
    printf7.o(i.__0vsprintf$7) refers to printf7.o(i._printf_core) for _printf_core
    printf7.o(i.__0vsprintf$7) refers to printf7.o(i._sputc) for _sputc
    printf7.o(i._printf_core) refers to printf7.o(i._printf_pre_padding) for _printf_pre_padding
    printf7.o(i._printf_core) refers to printf7.o(i._printf_post_padding) for _printf_post_padding
    printf7.o(i._printf_core) refers to uldiv.o(.text) for __aeabi_uldivmod
    printf8.o(i.__0fprintf$8) refers to printf8.o(i._printf_core) for _printf_core
    printf8.o(i.__0fprintf$8) refers to uprintf.o(i.fputc) for fputc
    printf8.o(i.__0printf$8) refers to printf8.o(i._printf_core) for _printf_core
    printf8.o(i.__0printf$8) refers to uprintf.o(i.fputc) for fputc
    printf8.o(i.__0printf$8) refers to stdout.o(.data) for __stdout
    printf8.o(i.__0snprintf$8) refers to printf8.o(i._printf_core) for _printf_core
    printf8.o(i.__0snprintf$8) refers to printf8.o(i._snputc) for _snputc
    printf8.o(i.__0sprintf$8) refers to printf8.o(i._printf_core) for _printf_core
    printf8.o(i.__0sprintf$8) refers to printf8.o(i._sputc) for _sputc
    printf8.o(i.__0vfprintf$8) refers to printf8.o(i._printf_core) for _printf_core
    printf8.o(i.__0vfprintf$8) refers to uprintf.o(i.fputc) for fputc
    printf8.o(i.__0vprintf$8) refers to printf8.o(i._printf_core) for _printf_core
    printf8.o(i.__0vprintf$8) refers to uprintf.o(i.fputc) for fputc
    printf8.o(i.__0vprintf$8) refers to stdout.o(.data) for __stdout
    printf8.o(i.__0vsnprintf$8) refers to printf8.o(i._printf_core) for _printf_core
    printf8.o(i.__0vsnprintf$8) refers to printf8.o(i._snputc) for _snputc
    printf8.o(i.__0vsprintf$8) refers to printf8.o(i._printf_core) for _printf_core
    printf8.o(i.__0vsprintf$8) refers to printf8.o(i._sputc) for _sputc
    printf8.o(i._printf_core) refers to printf8.o(i._printf_pre_padding) for _printf_pre_padding
    printf8.o(i._printf_core) refers to printf8.o(i._printf_post_padding) for _printf_post_padding
    printf8.o(i._printf_core) refers to uldiv.o(.text) for __aeabi_uldivmod
    printfa.o(i.__0fprintf) refers (Special) to iusefp.o(.text) for __I$use$fp
    printfa.o(i.__0fprintf) refers to printfa.o(i._printf_core) for _printf_core
    printfa.o(i.__0fprintf) refers to uprintf.o(i.fputc) for fputc
    printfa.o(i.__0printf) refers (Special) to iusefp.o(.text) for __I$use$fp
    printfa.o(i.__0printf) refers to printfa.o(i._printf_core) for _printf_core
    printfa.o(i.__0printf) refers to uprintf.o(i.fputc) for fputc
    printfa.o(i.__0printf) refers to stdout.o(.data) for __stdout
    printfa.o(i.__0snprintf) refers (Special) to iusefp.o(.text) for __I$use$fp
    printfa.o(i.__0snprintf) refers to printfa.o(i._printf_core) for _printf_core
    printfa.o(i.__0snprintf) refers to printfa.o(i._snputc) for _snputc
    printfa.o(i.__0sprintf) refers (Special) to iusefp.o(.text) for __I$use$fp
    printfa.o(i.__0sprintf) refers to printfa.o(i._printf_core) for _printf_core
    printfa.o(i.__0sprintf) refers to printfa.o(i._sputc) for _sputc
    printfa.o(i.__0vfprintf) refers (Special) to iusefp.o(.text) for __I$use$fp
    printfa.o(i.__0vfprintf) refers to printfa.o(i._printf_core) for _printf_core
    printfa.o(i.__0vfprintf) refers to uprintf.o(i.fputc) for fputc
    printfa.o(i.__0vprintf) refers (Special) to iusefp.o(.text) for __I$use$fp
    printfa.o(i.__0vprintf) refers to printfa.o(i._printf_core) for _printf_core
    printfa.o(i.__0vprintf) refers to uprintf.o(i.fputc) for fputc
    printfa.o(i.__0vprintf) refers to stdout.o(.data) for __stdout
    printfa.o(i.__0vsnprintf) refers (Special) to iusefp.o(.text) for __I$use$fp
    printfa.o(i.__0vsnprintf) refers to printfa.o(i._printf_core) for _printf_core
    printfa.o(i.__0vsnprintf) refers to printfa.o(i._snputc) for _snputc
    printfa.o(i.__0vsprintf) refers (Special) to iusefp.o(.text) for __I$use$fp
    printfa.o(i.__0vsprintf) refers to printfa.o(i._printf_core) for _printf_core
    printfa.o(i.__0vsprintf) refers to printfa.o(i._sputc) for _sputc
    printfa.o(i._fp_digits) refers (Special) to iusefp.o(.text) for __I$use$fp
    printfa.o(i._fp_digits) refers to dmul.o(.text) for __aeabi_dmul
    printfa.o(i._fp_digits) refers to ddiv.o(.text) for __aeabi_ddiv
    printfa.o(i._fp_digits) refers to cdrcmple.o(.text) for __aeabi_cdrcmple
    printfa.o(i._fp_digits) refers to dadd.o(.text) for __aeabi_dadd
    printfa.o(i._fp_digits) refers to dfixul.o(.text) for __aeabi_d2ulz
    printfa.o(i._fp_digits) refers to uldiv.o(.text) for __aeabi_uldivmod
    printfa.o(i._printf_core) refers (Special) to iusefp.o(.text) for __I$use$fp
    printfa.o(i._printf_core) refers to printfa.o(i._printf_pre_padding) for _printf_pre_padding
    printfa.o(i._printf_core) refers to uldiv.o(.text) for __aeabi_uldivmod
    printfa.o(i._printf_core) refers to printfa.o(i._printf_post_padding) for _printf_post_padding
    printfa.o(i._printf_core) refers to printfa.o(i._fp_digits) for _fp_digits
    printfa.o(i._printf_core) refers to uidiv.o(.text) for __aeabi_uidivmod
    printfa.o(i._printf_post_padding) refers (Special) to iusefp.o(.text) for __I$use$fp
    printfa.o(i._printf_pre_padding) refers (Special) to iusefp.o(.text) for __I$use$fp
    printfa.o(i._snputc) refers (Special) to iusefp.o(.text) for __I$use$fp
    printfa.o(i._sputc) refers (Special) to iusefp.o(.text) for __I$use$fp
    entry2.o(.ARM.Collect$$$$00000001) refers to entry2.o(.ARM.Collect$$$$00002712) for __lit__00000000
    entry2.o(.ARM.Collect$$$$00002712) refers to startup_stm32l053xx.o(STACK) for __initial_sp
    entry2.o(__vectab_stack_and_reset_area) refers to startup_stm32l053xx.o(STACK) for __initial_sp
    entry2.o(__vectab_stack_and_reset_area) refers to entry.o(.ARM.Collect$$$$00000000) for __main
    entry5.o(.ARM.Collect$$$$00000004) refers to init.o(.text) for __scatterload
    entry9a.o(.ARM.Collect$$$$0000000B) refers to main.o(i.main) for main
    entry9b.o(.ARM.Collect$$$$0000000C) refers to main.o(i.main) for main
    uldiv.o(.text) refers to llushr.o(.text) for __aeabi_llsr
    uldiv.o(.text) refers to llshl.o(.text) for __aeabi_llsl
    dadd.o(.text) refers to llshl.o(.text) for __aeabi_llsl
    dadd.o(.text) refers to llsshr.o(.text) for __aeabi_lasr
    dadd.o(.text) refers to depilogue.o(.text) for _double_epilogue
    dmul.o(.text) refers to depilogue.o(.text) for _double_epilogue
    ddiv.o(.text) refers to depilogue.o(.text) for _double_round
    dfixul.o(.text) refers to llushr.o(.text) for __aeabi_llsr
    dfixul.o(.text) refers to llshl.o(.text) for __aeabi_llsl
    init.o(.text) refers to entry5.o(.ARM.Collect$$$$00000004) for __main_after_scatterload
    depilogue.o(.text) refers to depilogue.o(i.__ARM_clz) for __ARM_clz
    depilogue.o(.text) refers to llshl.o(.text) for __aeabi_llsl
    depilogue.o(.text) refers to llushr.o(.text) for __aeabi_llsr


==============================================================================

Removing Unused input sections from the image.

    Removing startup_stm32l053xx.o(HEAP), (512 bytes).
    Removing gpio.o(.rev16_text), (4 bytes).
    Removing gpio.o(.revsh_text), (4 bytes).
    Removing gpio.o(.constdata), (7 bytes).
    Removing adc.o(.rev16_text), (4 bytes).
    Removing adc.o(.revsh_text), (4 bytes).
    Removing dma.o(.rev16_text), (4 bytes).
    Removing dma.o(.revsh_text), (4 bytes).
    Removing dma.o(.constdata), (7 bytes).
    Removing spi.o(.rev16_text), (4 bytes).
    Removing spi.o(.revsh_text), (4 bytes).
    Removing spi.o(.constdata), (7 bytes).
    Removing usart.o(.rev16_text), (4 bytes).
    Removing usart.o(.revsh_text), (4 bytes).
    Removing main.o(.rev16_text), (4 bytes).
    Removing main.o(.revsh_text), (4 bytes).
    Removing main.o(i.Error_Handler), (6 bytes).
    Removing stm32l0xx_it.o(.rev16_text), (4 bytes).
    Removing stm32l0xx_it.o(.revsh_text), (4 bytes).
    Removing stm32l0xx_ll_gpio.o(.rev16_text), (4 bytes).
    Removing stm32l0xx_ll_gpio.o(.revsh_text), (4 bytes).
    Removing stm32l0xx_ll_gpio.o(i.LL_GPIO_DeInit), (132 bytes).
    Removing stm32l0xx_ll_gpio.o(i.LL_GPIO_StructInit), (24 bytes).
    Removing stm32l0xx_ll_gpio.o(i.LL_IOP_GRP1_ForceReset), (16 bytes).
    Removing stm32l0xx_ll_gpio.o(i.LL_IOP_GRP1_ReleaseReset), (16 bytes).
    Removing stm32l0xx_ll_adc.o(.rev16_text), (4 bytes).
    Removing stm32l0xx_ll_adc.o(.revsh_text), (4 bytes).
    Removing stm32l0xx_ll_adc.o(i.LL_ADC_CommonDeInit), (40 bytes).
    Removing stm32l0xx_ll_adc.o(i.LL_ADC_CommonInit), (48 bytes).
    Removing stm32l0xx_ll_adc.o(i.LL_ADC_CommonStructInit), (8 bytes).
    Removing stm32l0xx_ll_adc.o(i.LL_ADC_DeInit), (272 bytes).
    Removing stm32l0xx_ll_adc.o(i.LL_ADC_REG_IsStopConversionOngoing), (12 bytes).
    Removing stm32l0xx_ll_adc.o(i.LL_ADC_REG_StructInit), (18 bytes).
    Removing stm32l0xx_ll_adc.o(i.LL_ADC_StructInit), (16 bytes).
    Removing stm32l0xx_ll_dma.o(.rev16_text), (4 bytes).
    Removing stm32l0xx_ll_dma.o(.revsh_text), (4 bytes).
    Removing stm32l0xx_ll_dma.o(i.LL_DMA_DeInit), (320 bytes).
    Removing stm32l0xx_ll_dma.o(i.LL_DMA_Init), (136 bytes).
    Removing stm32l0xx_ll_dma.o(i.LL_DMA_SetPeriphRequest), (32 bytes).
    Removing stm32l0xx_ll_dma.o(i.LL_DMA_StructInit), (26 bytes).
    Removing stm32l0xx_ll_dma.o(.constdata), (7 bytes).
    Removing stm32l0xx_ll_rcc.o(.rev16_text), (4 bytes).
    Removing stm32l0xx_ll_rcc.o(.revsh_text), (4 bytes).
    Removing stm32l0xx_ll_rcc.o(i.LL_RCC_DeInit), (256 bytes).
    Removing stm32l0xx_ll_rcc.o(i.LL_RCC_GetI2CClockFreq), (124 bytes).
    Removing stm32l0xx_ll_rcc.o(i.LL_RCC_GetLPTIMClockFreq), (148 bytes).
    Removing stm32l0xx_ll_rcc.o(i.LL_RCC_GetLPUARTClockFreq), (124 bytes).
    Removing stm32l0xx_ll_rcc.o(i.LL_RCC_GetUSBClockFreq), (84 bytes).
    Removing stm32l0xx_ll_rcc.o(i.LL_RCC_PLL_IsReady), (20 bytes).
    Removing stm32l0xx_ll_utils.o(.rev16_text), (4 bytes).
    Removing stm32l0xx_ll_utils.o(.revsh_text), (4 bytes).
    Removing stm32l0xx_ll_utils.o(i.LL_PLL_ConfigSystemClock_HSE), (148 bytes).
    Removing stm32l0xx_ll_utils.o(i.LL_PLL_ConfigSystemClock_HSI), (100 bytes).
    Removing stm32l0xx_ll_utils.o(i.LL_PWR_GetRegulVoltageScaling), (16 bytes).
    Removing stm32l0xx_ll_utils.o(i.LL_RCC_HSE_IsReady), (20 bytes).
    Removing stm32l0xx_ll_utils.o(i.LL_RCC_HSI_IsReady), (16 bytes).
    Removing stm32l0xx_ll_utils.o(i.LL_RCC_PLL_ConfigDomain_SYS), (32 bytes).
    Removing stm32l0xx_ll_utils.o(i.LL_RCC_PLL_IsReady), (20 bytes).
    Removing stm32l0xx_ll_utils.o(i.LL_SetFlashLatency), (176 bytes).
    Removing stm32l0xx_ll_utils.o(i.UTILS_EnablePLLAndSwitchSystem), (208 bytes).
    Removing stm32l0xx_ll_utils.o(i.UTILS_GetPLLOutputFrequency), (44 bytes).
    Removing stm32l0xx_ll_utils.o(i.UTILS_PLL_IsBusy), (18 bytes).
    Removing stm32l0xx_ll_exti.o(.rev16_text), (4 bytes).
    Removing stm32l0xx_ll_exti.o(.revsh_text), (4 bytes).
    Removing stm32l0xx_ll_exti.o(i.LL_EXTI_DeInit), (36 bytes).
    Removing stm32l0xx_ll_exti.o(i.LL_EXTI_StructInit), (14 bytes).
    Removing stm32l0xx_ll_spi.o(.rev16_text), (4 bytes).
    Removing stm32l0xx_ll_spi.o(.revsh_text), (4 bytes).
    Removing stm32l0xx_ll_spi.o(i.LL_I2S_ConfigPrescaler), (18 bytes).
    Removing stm32l0xx_ll_spi.o(i.LL_I2S_DeInit), (12 bytes).
    Removing stm32l0xx_ll_spi.o(i.LL_I2S_Init), (212 bytes).
    Removing stm32l0xx_ll_spi.o(i.LL_I2S_StructInit), (20 bytes).
    Removing stm32l0xx_ll_spi.o(i.LL_SPI_DeInit), (92 bytes).
    Removing stm32l0xx_ll_spi.o(i.LL_SPI_StructInit), (26 bytes).
    Removing stm32l0xx_ll_pwr.o(.rev16_text), (4 bytes).
    Removing stm32l0xx_ll_pwr.o(.revsh_text), (4 bytes).
    Removing stm32l0xx_ll_pwr.o(i.LL_PWR_DeInit), (36 bytes).
    Removing stm32l0xx_ll_usart.o(.rev16_text), (4 bytes).
    Removing stm32l0xx_ll_usart.o(.revsh_text), (4 bytes).
    Removing stm32l0xx_ll_usart.o(i.LL_USART_ClockInit), (76 bytes).
    Removing stm32l0xx_ll_usart.o(i.LL_USART_ClockStructInit), (12 bytes).
    Removing stm32l0xx_ll_usart.o(i.LL_USART_DeInit), (96 bytes).
    Removing stm32l0xx_ll_usart.o(i.LL_USART_StructInit), (26 bytes).
    Removing system_stm32l0xx.o(.rev16_text), (4 bytes).
    Removing system_stm32l0xx.o(.revsh_text), (4 bytes).
    Removing system_stm32l0xx.o(i.SystemCoreClockUpdate), (276 bytes).
    Removing uprintf.o(.rev16_text), (4 bytes).
    Removing uprintf.o(.revsh_text), (4 bytes).
    Removing uprintf.o(i.fgetc), (36 bytes).
    Removing uprintf.o(.constdata), (7 bytes).
    Removing stm32l0538_discovery_epd.o(.rev16_text), (4 bytes).
    Removing stm32l0538_discovery_epd.o(.revsh_text), (4 bytes).
    Removing stm32l0538_discovery_epd.o(i.BSP_EPD_CloseChargePump), (24 bytes).
    Removing stm32l0538_discovery_epd.o(i.BSP_EPD_DrawRect), (58 bytes).
    Removing stm32l0538_discovery_epd.o(i.BSP_EPD_DrawVLine), (56 bytes).
    Removing stm32l0538_discovery_epd.o(i.BSP_EPD_FillRect), (80 bytes).
    Removing gde021a1.o(.rev16_text), (4 bytes).
    Removing gde021a1.o(.revsh_text), (4 bytes).
    Removing gde021a1.o(i.gde021a1_WriteReg), (20 bytes).

99 unused section(s) (total 4609 bytes) removed from the image.

==============================================================================

Image Symbol Table

    Local Symbols

    Symbol Name                              Value     Ov Type        Size  Object(Section)

    ../Core/Src/adc.c                        0x00000000   Number         0  adc.o ABSOLUTE
    ../Core/Src/dma.c                        0x00000000   Number         0  dma.o ABSOLUTE
    ../Core/Src/gpio.c                       0x00000000   Number         0  gpio.o ABSOLUTE
    ../Core/Src/main.c                       0x00000000   Number         0  main.o ABSOLUTE
    ../Core/Src/spi.c                        0x00000000   Number         0  spi.o ABSOLUTE
    ../Core/Src/stm32l0xx_it.c               0x00000000   Number         0  stm32l0xx_it.o ABSOLUTE
    ../Core/Src/system_stm32l0xx.c           0x00000000   Number         0  system_stm32l0xx.o ABSOLUTE
    ../Core/Src/usart.c                      0x00000000   Number         0  usart.o ABSOLUTE
    ../Drivers/STM32L0xx_HAL_Driver/Src/stm32l0xx_ll_adc.c 0x00000000   Number         0  stm32l0xx_ll_adc.o ABSOLUTE
    ../Drivers/STM32L0xx_HAL_Driver/Src/stm32l0xx_ll_dma.c 0x00000000   Number         0  stm32l0xx_ll_dma.o ABSOLUTE
    ../Drivers/STM32L0xx_HAL_Driver/Src/stm32l0xx_ll_exti.c 0x00000000   Number         0  stm32l0xx_ll_exti.o ABSOLUTE
    ../Drivers/STM32L0xx_HAL_Driver/Src/stm32l0xx_ll_gpio.c 0x00000000   Number         0  stm32l0xx_ll_gpio.o ABSOLUTE
    ../Drivers/STM32L0xx_HAL_Driver/Src/stm32l0xx_ll_pwr.c 0x00000000   Number         0  stm32l0xx_ll_pwr.o ABSOLUTE
    ../Drivers/STM32L0xx_HAL_Driver/Src/stm32l0xx_ll_rcc.c 0x00000000   Number         0  stm32l0xx_ll_rcc.o ABSOLUTE
    ../Drivers/STM32L0xx_HAL_Driver/Src/stm32l0xx_ll_spi.c 0x00000000   Number         0  stm32l0xx_ll_spi.o ABSOLUTE
    ../Drivers/STM32L0xx_HAL_Driver/Src/stm32l0xx_ll_usart.c 0x00000000   Number         0  stm32l0xx_ll_usart.o ABSOLUTE
    ../Drivers/STM32L0xx_HAL_Driver/Src/stm32l0xx_ll_utils.c 0x00000000   Number         0  stm32l0xx_ll_utils.o ABSOLUTE
    ../clib/microlib/division.c              0x00000000   Number         0  uldiv.o ABSOLUTE
    ../clib/microlib/division.c              0x00000000   Number         0  uidiv.o ABSOLUTE
    ../clib/microlib/init/entry.s            0x00000000   Number         0  entry2.o ABSOLUTE
    ../clib/microlib/init/entry.s            0x00000000   Number         0  entry11a.o ABSOLUTE
    ../clib/microlib/init/entry.s            0x00000000   Number         0  entry8b.o ABSOLUTE
    ../clib/microlib/init/entry.s            0x00000000   Number         0  entry11b.o ABSOLUTE
    ../clib/microlib/init/entry.s            0x00000000   Number         0  entry7b.o ABSOLUTE
    ../clib/microlib/init/entry.s            0x00000000   Number         0  entry8a.o ABSOLUTE
    ../clib/microlib/init/entry.s            0x00000000   Number         0  entry5.o ABSOLUTE
    ../clib/microlib/init/entry.s            0x00000000   Number         0  entry7a.o ABSOLUTE
    ../clib/microlib/init/entry.s            0x00000000   Number         0  entry10b.o ABSOLUTE
    ../clib/microlib/init/entry.s            0x00000000   Number         0  entry9a.o ABSOLUTE
    ../clib/microlib/init/entry.s            0x00000000   Number         0  entry9b.o ABSOLUTE
    ../clib/microlib/init/entry.s            0x00000000   Number         0  entry10a.o ABSOLUTE
    ../clib/microlib/init/entry.s            0x00000000   Number         0  entry.o ABSOLUTE
    ../clib/microlib/longlong.c              0x00000000   Number         0  llshl.o ABSOLUTE
    ../clib/microlib/longlong.c              0x00000000   Number         0  llsshr.o ABSOLUTE
    ../clib/microlib/longlong.c              0x00000000   Number         0  llushr.o ABSOLUTE
    ../clib/microlib/printf/printf.c         0x00000000   Number         0  printf8.o ABSOLUTE
    ../clib/microlib/printf/printf.c         0x00000000   Number         0  printf6.o ABSOLUTE
    ../clib/microlib/printf/printf.c         0x00000000   Number         0  printf4.o ABSOLUTE
    ../clib/microlib/printf/printf.c         0x00000000   Number         0  printf3.o ABSOLUTE
    ../clib/microlib/printf/printf.c         0x00000000   Number         0  printf2.o ABSOLUTE
    ../clib/microlib/printf/printf.c         0x00000000   Number         0  printfa.o ABSOLUTE
    ../clib/microlib/printf/printf.c         0x00000000   Number         0  printf0.o ABSOLUTE
    ../clib/microlib/printf/printf.c         0x00000000   Number         0  printfb.o ABSOLUTE
    ../clib/microlib/printf/printf.c         0x00000000   Number         0  printf7.o ABSOLUTE
    ../clib/microlib/printf/printf.c         0x00000000   Number         0  printf5.o ABSOLUTE
    ../clib/microlib/printf/printf.c         0x00000000   Number         0  printf1.o ABSOLUTE
    ../clib/microlib/printf/stubs.s          0x00000000   Number         0  stubs.o ABSOLUTE
    ../clib/microlib/stdio/streams.c         0x00000000   Number         0  stdout.o ABSOLUTE
    ../clib/microlib/string/memcpy.c         0x00000000   Number         0  memcpyb.o ABSOLUTE
    ../clib/microlib/string/memcpy.c         0x00000000   Number         0  memcpya.o ABSOLUTE
    ../clib/microlib/string/memset.c         0x00000000   Number         0  memseta.o ABSOLUTE
    ../clib/microlib/stubs.s                 0x00000000   Number         0  iusefp.o ABSOLUTE
    ../fplib/microlib/fpadd.c                0x00000000   Number         0  dadd.o ABSOLUTE
    ../fplib/microlib/fpdiv.c                0x00000000   Number         0  ddiv.o ABSOLUTE
    ../fplib/microlib/fpepilogue.c           0x00000000   Number         0  depilogue.o ABSOLUTE
    ../fplib/microlib/fpfix.c                0x00000000   Number         0  dfixul.o ABSOLUTE
    ../fplib/microlib/fpmul.c                0x00000000   Number         0  dmul.o ABSOLUTE
    ..\Core\Src\adc.c                        0x00000000   Number         0  adc.o ABSOLUTE
    ..\Core\Src\dma.c                        0x00000000   Number         0  dma.o ABSOLUTE
    ..\Core\Src\gpio.c                       0x00000000   Number         0  gpio.o ABSOLUTE
    ..\Core\Src\main.c                       0x00000000   Number         0  main.o ABSOLUTE
    ..\Core\Src\spi.c                        0x00000000   Number         0  spi.o ABSOLUTE
    ..\Core\Src\stm32l0xx_it.c               0x00000000   Number         0  stm32l0xx_it.o ABSOLUTE
    ..\Core\Src\system_stm32l0xx.c           0x00000000   Number         0  system_stm32l0xx.o ABSOLUTE
    ..\Core\Src\usart.c                      0x00000000   Number         0  usart.o ABSOLUTE
    ..\Drivers\STM32L0xx_HAL_Driver\Src\stm32l0xx_ll_adc.c 0x00000000   Number         0  stm32l0xx_ll_adc.o ABSOLUTE
    ..\Drivers\STM32L0xx_HAL_Driver\Src\stm32l0xx_ll_dma.c 0x00000000   Number         0  stm32l0xx_ll_dma.o ABSOLUTE
    ..\Drivers\STM32L0xx_HAL_Driver\Src\stm32l0xx_ll_exti.c 0x00000000   Number         0  stm32l0xx_ll_exti.o ABSOLUTE
    ..\Drivers\STM32L0xx_HAL_Driver\Src\stm32l0xx_ll_gpio.c 0x00000000   Number         0  stm32l0xx_ll_gpio.o ABSOLUTE
    ..\Drivers\STM32L0xx_HAL_Driver\Src\stm32l0xx_ll_pwr.c 0x00000000   Number         0  stm32l0xx_ll_pwr.o ABSOLUTE
    ..\Drivers\STM32L0xx_HAL_Driver\Src\stm32l0xx_ll_rcc.c 0x00000000   Number         0  stm32l0xx_ll_rcc.o ABSOLUTE
    ..\Drivers\STM32L0xx_HAL_Driver\Src\stm32l0xx_ll_spi.c 0x00000000   Number         0  stm32l0xx_ll_spi.o ABSOLUTE
    ..\Drivers\STM32L0xx_HAL_Driver\Src\stm32l0xx_ll_usart.c 0x00000000   Number         0  stm32l0xx_ll_usart.o ABSOLUTE
    ..\Drivers\STM32L0xx_HAL_Driver\Src\stm32l0xx_ll_utils.c 0x00000000   Number         0  stm32l0xx_ll_utils.o ABSOLUTE
    ..\STM32L0538-Discovery\stm32l0538_discovery_epd.c 0x00000000   Number         0  stm32l0538_discovery_epd.o ABSOLUTE
    ..\UserDef\uprintf.c                     0x00000000   Number         0  uprintf.o ABSOLUTE
    ..\\STM32L0538-Discovery\\stm32l0538_discovery_epd.c 0x00000000   Number         0  stm32l0538_discovery_epd.o ABSOLUTE
    ..\\UserDef\\uprintf.c                   0x00000000   Number         0  uprintf.o ABSOLUTE
    ..\\gde021a1\\gde021a1.c                 0x00000000   Number         0  gde021a1.o ABSOLUTE
    ..\gde021a1\gde021a1.c                   0x00000000   Number         0  gde021a1.o ABSOLUTE
    cdrcmple.s                               0x00000000   Number         0  cdrcmple.o ABSOLUTE
    dc.s                                     0x00000000   Number         0  dc.o ABSOLUTE
    handlers.s                               0x00000000   Number         0  handlers.o ABSOLUTE
    init.s                                   0x00000000   Number         0  init.o ABSOLUTE
    startup_stm32l053xx.s                    0x00000000   Number         0  startup_stm32l053xx.o ABSOLUTE
    RESET                                    0x08000000   Section      192  startup_stm32l053xx.o(RESET)
    .ARM.Collect$$$$00000000                 0x080000c0   Section        0  entry.o(.ARM.Collect$$$$00000000)
    .ARM.Collect$$$$00000001                 0x080000c0   Section        4  entry2.o(.ARM.Collect$$$$00000001)
    .ARM.Collect$$$$00000004                 0x080000c4   Section        4  entry5.o(.ARM.Collect$$$$00000004)
    .ARM.Collect$$$$00000008                 0x080000c8   Section        0  entry7b.o(.ARM.Collect$$$$00000008)
    .ARM.Collect$$$$0000000A                 0x080000c8   Section        0  entry8b.o(.ARM.Collect$$$$0000000A)
    .ARM.Collect$$$$0000000B                 0x080000c8   Section        8  entry9a.o(.ARM.Collect$$$$0000000B)
    .ARM.Collect$$$$0000000D                 0x080000d0   Section        0  entry10a.o(.ARM.Collect$$$$0000000D)
    .ARM.Collect$$$$0000000F                 0x080000d0   Section        0  entry11a.o(.ARM.Collect$$$$0000000F)
    .ARM.Collect$$$$00002712                 0x080000d0   Section        4  entry2.o(.ARM.Collect$$$$00002712)
    __lit__00000000                          0x080000d0   Data           4  entry2.o(.ARM.Collect$$$$00002712)
    .text                                    0x080000d4   Section       28  startup_stm32l053xx.o(.text)
    .text                                    0x080000f0   Section        0  uidiv.o(.text)
    .text                                    0x0800011c   Section        0  memcpya.o(.text)
    .text                                    0x08000140   Section        0  memseta.o(.text)
    .text                                    0x08000164   Section        0  uldiv.o(.text)
    .text                                    0x080001c4   Section        0  iusefp.o(.text)
    .text                                    0x080001c4   Section        0  dadd.o(.text)
    .text                                    0x08000328   Section        0  dmul.o(.text)
    .text                                    0x080003f8   Section        0  ddiv.o(.text)
    .text                                    0x080004e8   Section        0  dfixul.o(.text)
    .text                                    0x08000528   Section       40  cdrcmple.o(.text)
    .text                                    0x08000550   Section       36  init.o(.text)
    .text                                    0x08000574   Section        0  llshl.o(.text)
    .text                                    0x08000594   Section        0  llushr.o(.text)
    .text                                    0x080005b6   Section        0  llsshr.o(.text)
    .text                                    0x080005dc   Section        0  depilogue.o(.text)
    i.ADC1_COMP_IRQHandler                   0x0800069a   Section        0  stm32l0xx_it.o(i.ADC1_COMP_IRQHandler)
    i.Activate_ADC                           0x0800069c   Section        0  main.o(i.Activate_ADC)
    i.BSP_EPD_Clear                          0x08000730   Section        0  stm32l0538_discovery_epd.o(i.BSP_EPD_Clear)
    i.BSP_EPD_DisplayChar                    0x08000768   Section        0  stm32l0538_discovery_epd.o(i.BSP_EPD_DisplayChar)
    i.BSP_EPD_DisplayStringAt                0x0800079c   Section        0  stm32l0538_discovery_epd.o(i.BSP_EPD_DisplayStringAt)
    i.BSP_EPD_DisplayStringAtLine            0x08000878   Section        0  stm32l0538_discovery_epd.o(i.BSP_EPD_DisplayStringAtLine)
    i.BSP_EPD_DrawHLine                      0x08000898   Section        0  stm32l0538_discovery_epd.o(i.BSP_EPD_DrawHLine)
    i.BSP_EPD_DrawImage                      0x080008cc   Section        0  stm32l0538_discovery_epd.o(i.BSP_EPD_DrawImage)
    i.BSP_EPD_GetFont                        0x08000940   Section        0  stm32l0538_discovery_epd.o(i.BSP_EPD_GetFont)
    i.BSP_EPD_GetXSize                       0x0800094c   Section        0  stm32l0538_discovery_epd.o(i.BSP_EPD_GetXSize)
    i.BSP_EPD_GetYSize                       0x0800095c   Section        0  stm32l0538_discovery_epd.o(i.BSP_EPD_GetYSize)
    i.BSP_EPD_Init                           0x0800096c   Section        0  stm32l0538_discovery_epd.o(i.BSP_EPD_Init)
    i.BSP_EPD_RefreshDisplay                 0x080009a8   Section        0  stm32l0538_discovery_epd.o(i.BSP_EPD_RefreshDisplay)
    i.BSP_EPD_SetFont                        0x080009dc   Section        0  stm32l0538_discovery_epd.o(i.BSP_EPD_SetFont)
    i.DMA1_Channel1_IRQHandler               0x080009e8   Section        0  stm32l0xx_it.o(i.DMA1_Channel1_IRQHandler)
    i.DMA1_Channel2_3_IRQHandler             0x080009ea   Section        0  stm32l0xx_it.o(i.DMA1_Channel2_3_IRQHandler)
    i.DrawChar                               0x080009ec   Section        0  stm32l0538_discovery_epd.o(i.DrawChar)
    DrawChar                                 0x080009ed   Thumb Code    98  stm32l0538_discovery_epd.o(i.DrawChar)
    i.EPD_IO_Init                            0x08000a58   Section        0  gde021a1.o(i.EPD_IO_Init)
    i.EPD_IO_WriteData                       0x08000afc   Section        0  gde021a1.o(i.EPD_IO_WriteData)
    i.EPD_IO_WriteReg                        0x08000b30   Section        0  gde021a1.o(i.EPD_IO_WriteReg)
    i.Enable_USART1_IT                       0x08000b64   Section        0  main.o(i.Enable_USART1_IT)
    i.HardFault_Handler                      0x08000b94   Section        0  stm32l0xx_it.o(i.HardFault_Handler)
    i.LL_ADC_Init                            0x08000b98   Section        0  stm32l0xx_ll_adc.o(i.LL_ADC_Init)
    i.LL_ADC_IsEnabled                       0x08000bd8   Section        0  main.o(i.LL_ADC_IsEnabled)
    LL_ADC_IsEnabled                         0x08000bd9   Thumb Code    16  main.o(i.LL_ADC_IsEnabled)
    i.LL_ADC_IsEnabled                       0x08000be8   Section        0  stm32l0xx_ll_adc.o(i.LL_ADC_IsEnabled)
    LL_ADC_IsEnabled                         0x08000be9   Thumb Code    16  stm32l0xx_ll_adc.o(i.LL_ADC_IsEnabled)
    i.LL_ADC_REG_Init                        0x08000bf8   Section        0  stm32l0xx_ll_adc.o(i.LL_ADC_REG_Init)
    i.LL_ADC_REG_SetDMATransfer              0x08000c34   Section        0  main.o(i.LL_ADC_REG_SetDMATransfer)
    LL_ADC_REG_SetDMATransfer                0x08000c35   Thumb Code    12  main.o(i.LL_ADC_REG_SetDMATransfer)
    i.LL_DMA_ConfigAddresses                 0x08000c40   Section        0  main.o(i.LL_DMA_ConfigAddresses)
    LL_DMA_ConfigAddresses                   0x08000c41   Thumb Code    48  main.o(i.LL_DMA_ConfigAddresses)
    i.LL_DMA_EnableChannel                   0x08000c74   Section        0  main.o(i.LL_DMA_EnableChannel)
    LL_DMA_EnableChannel                     0x08000c75   Thumb Code    24  main.o(i.LL_DMA_EnableChannel)
    i.LL_DMA_SetDataLength                   0x08000c90   Section        0  main.o(i.LL_DMA_SetDataLength)
    LL_DMA_SetDataLength                     0x08000c91   Thumb Code    30  main.o(i.LL_DMA_SetDataLength)
    i.LL_EXTI_DisableEvent_0_31              0x08000cb4   Section        0  stm32l0xx_ll_exti.o(i.LL_EXTI_DisableEvent_0_31)
    LL_EXTI_DisableEvent_0_31                0x08000cb5   Thumb Code    12  stm32l0xx_ll_exti.o(i.LL_EXTI_DisableEvent_0_31)
    i.LL_EXTI_DisableIT_0_31                 0x08000cc4   Section        0  stm32l0xx_ll_exti.o(i.LL_EXTI_DisableIT_0_31)
    LL_EXTI_DisableIT_0_31                   0x08000cc5   Thumb Code    12  stm32l0xx_ll_exti.o(i.LL_EXTI_DisableIT_0_31)
    i.LL_EXTI_EnableEvent_0_31               0x08000cd4   Section        0  stm32l0xx_ll_exti.o(i.LL_EXTI_EnableEvent_0_31)
    LL_EXTI_EnableEvent_0_31                 0x08000cd5   Thumb Code    12  stm32l0xx_ll_exti.o(i.LL_EXTI_EnableEvent_0_31)
    i.LL_EXTI_EnableFallingTrig_0_31         0x08000ce4   Section        0  stm32l0xx_ll_exti.o(i.LL_EXTI_EnableFallingTrig_0_31)
    LL_EXTI_EnableFallingTrig_0_31           0x08000ce5   Thumb Code    12  stm32l0xx_ll_exti.o(i.LL_EXTI_EnableFallingTrig_0_31)
    i.LL_EXTI_EnableIT_0_31                  0x08000cf4   Section        0  stm32l0xx_ll_exti.o(i.LL_EXTI_EnableIT_0_31)
    LL_EXTI_EnableIT_0_31                    0x08000cf5   Thumb Code    12  stm32l0xx_ll_exti.o(i.LL_EXTI_EnableIT_0_31)
    i.LL_EXTI_EnableRisingTrig_0_31          0x08000d04   Section        0  stm32l0xx_ll_exti.o(i.LL_EXTI_EnableRisingTrig_0_31)
    LL_EXTI_EnableRisingTrig_0_31            0x08000d05   Thumb Code    12  stm32l0xx_ll_exti.o(i.LL_EXTI_EnableRisingTrig_0_31)
    i.LL_EXTI_Init                           0x08000d14   Section        0  stm32l0xx_ll_exti.o(i.LL_EXTI_Init)
    i.LL_GPIO_Init                           0x08000dd0   Section        0  stm32l0xx_ll_gpio.o(i.LL_GPIO_Init)
    i.LL_GPIO_ResetOutputPin                 0x08000ec0   Section        0  gpio.o(i.LL_GPIO_ResetOutputPin)
    LL_GPIO_ResetOutputPin                   0x08000ec1   Thumb Code     4  gpio.o(i.LL_GPIO_ResetOutputPin)
    i.LL_GPIO_ResetOutputPin                 0x08000ec4   Section        0  gde021a1.o(i.LL_GPIO_ResetOutputPin)
    LL_GPIO_ResetOutputPin                   0x08000ec5   Thumb Code     4  gde021a1.o(i.LL_GPIO_ResetOutputPin)
    i.LL_GPIO_SetOutputPin                   0x08000ec8   Section        0  gde021a1.o(i.LL_GPIO_SetOutputPin)
    LL_GPIO_SetOutputPin                     0x08000ec9   Thumb Code     4  gde021a1.o(i.LL_GPIO_SetOutputPin)
    i.LL_GPIO_TogglePin                      0x08000ecc   Section        0  main.o(i.LL_GPIO_TogglePin)
    LL_GPIO_TogglePin                        0x08000ecd   Thumb Code    20  main.o(i.LL_GPIO_TogglePin)
    i.LL_IOP_GRP1_EnableClock                0x08000ee0   Section        0  gpio.o(i.LL_IOP_GRP1_EnableClock)
    LL_IOP_GRP1_EnableClock                  0x08000ee1   Thumb Code    24  gpio.o(i.LL_IOP_GRP1_EnableClock)
    i.LL_IOP_GRP1_EnableClock                0x08000efc   Section        0  spi.o(i.LL_IOP_GRP1_EnableClock)
    LL_IOP_GRP1_EnableClock                  0x08000efd   Thumb Code    24  spi.o(i.LL_IOP_GRP1_EnableClock)
    i.LL_IOP_GRP1_EnableClock                0x08000f18   Section        0  gde021a1.o(i.LL_IOP_GRP1_EnableClock)
    LL_IOP_GRP1_EnableClock                  0x08000f19   Thumb Code    24  gde021a1.o(i.LL_IOP_GRP1_EnableClock)
    i.LL_Init1msTick                         0x08000f34   Section        0  stm32l0xx_ll_utils.o(i.LL_Init1msTick)
    i.LL_RCC_GetSystemClocksFreq             0x08000f5c   Section        0  stm32l0xx_ll_rcc.o(i.LL_RCC_GetSystemClocksFreq)
    i.LL_RCC_GetUSARTClockFreq               0x08000f80   Section        0  stm32l0xx_ll_rcc.o(i.LL_RCC_GetUSARTClockFreq)
    i.LL_RCC_GetUSARTClockSource             0x0800105c   Section        0  stm32l0xx_ll_rcc.o(i.LL_RCC_GetUSARTClockSource)
    LL_RCC_GetUSARTClockSource               0x0800105d   Thumb Code    14  stm32l0xx_ll_rcc.o(i.LL_RCC_GetUSARTClockSource)
    i.LL_RCC_HSI_IsReady                     0x08001070   Section        0  stm32l0xx_ll_rcc.o(i.LL_RCC_HSI_IsReady)
    LL_RCC_HSI_IsReady                       0x08001071   Thumb Code    12  stm32l0xx_ll_rcc.o(i.LL_RCC_HSI_IsReady)
    i.LL_RCC_IsActiveFlag_HSIDIV             0x08001080   Section        0  stm32l0xx_ll_rcc.o(i.LL_RCC_IsActiveFlag_HSIDIV)
    LL_RCC_IsActiveFlag_HSIDIV               0x08001081   Thumb Code    12  stm32l0xx_ll_rcc.o(i.LL_RCC_IsActiveFlag_HSIDIV)
    i.LL_RCC_LSE_IsReady                     0x08001090   Section        0  stm32l0xx_ll_rcc.o(i.LL_RCC_LSE_IsReady)
    LL_RCC_LSE_IsReady                       0x08001091   Thumb Code    14  stm32l0xx_ll_rcc.o(i.LL_RCC_LSE_IsReady)
    i.LL_RCC_MSI_GetRange                    0x080010a4   Section        0  stm32l0xx_ll_rcc.o(i.LL_RCC_MSI_GetRange)
    LL_RCC_MSI_GetRange                      0x080010a5   Thumb Code    12  stm32l0xx_ll_rcc.o(i.LL_RCC_MSI_GetRange)
    i.LL_SPI_Init                            0x080010b4   Section        0  stm32l0xx_ll_spi.o(i.LL_SPI_Init)
    i.LL_SetSystemCoreClock                  0x08001128   Section        0  stm32l0xx_ll_utils.o(i.LL_SetSystemCoreClock)
    i.LL_USART_Init                          0x08001134   Section        0  stm32l0xx_ll_usart.o(i.LL_USART_Init)
    i.LL_USART_IsEnabled                     0x08001218   Section        0  stm32l0xx_ll_usart.o(i.LL_USART_IsEnabled)
    LL_USART_IsEnabled                       0x08001219   Thumb Code    16  stm32l0xx_ll_usart.o(i.LL_USART_IsEnabled)
    i.LL_mDelay                              0x08001228   Section        0  stm32l0xx_ll_utils.o(i.LL_mDelay)
    i.MX_ADC_Init                            0x08001258   Section        0  adc.o(i.MX_ADC_Init)
    i.MX_DMA_Init                            0x080014c0   Section        0  dma.o(i.MX_DMA_Init)
    i.MX_GPIO_Init                           0x080014fc   Section        0  gpio.o(i.MX_GPIO_Init)
    i.MX_SPI1_Init                           0x08001690   Section        0  spi.o(i.MX_SPI1_Init)
    i.MX_USART1_UART_Init                    0x08001770   Section        0  usart.o(i.MX_USART1_UART_Init)
    i.NMI_Handler                            0x08001950   Section        0  stm32l0xx_it.o(i.NMI_Handler)
    i.PendSV_Handler                         0x08001954   Section        0  stm32l0xx_it.o(i.PendSV_Handler)
    i.RCC_GetHCLKClockFreq                   0x08001958   Section        0  stm32l0xx_ll_rcc.o(i.RCC_GetHCLKClockFreq)
    i.RCC_GetPCLK1ClockFreq                  0x0800197c   Section        0  stm32l0xx_ll_rcc.o(i.RCC_GetPCLK1ClockFreq)
    i.RCC_GetPCLK2ClockFreq                  0x080019a0   Section        0  stm32l0xx_ll_rcc.o(i.RCC_GetPCLK2ClockFreq)
    i.RCC_GetSystemClockFreq                 0x080019c4   Section        0  stm32l0xx_ll_rcc.o(i.RCC_GetSystemClockFreq)
    i.RCC_PLL_GetFreqDomain_SYS              0x08001a34   Section        0  stm32l0xx_ll_rcc.o(i.RCC_PLL_GetFreqDomain_SYS)
    i.SPIx_Write                             0x08001aa0   Section        0  gde021a1.o(i.SPIx_Write)
    SPIx_Write                               0x08001aa1   Thumb Code    42  gde021a1.o(i.SPIx_Write)
    i.SVC_Handler                            0x08001ad0   Section        0  stm32l0xx_it.o(i.SVC_Handler)
    i.Start_ADC1DMA                          0x08001ad4   Section        0  main.o(i.Start_ADC1DMA)
    i.Start_U1DMA                            0x08001b08   Section        0  main.o(i.Start_U1DMA)
    i.SysTick_Handler                        0x08001b50   Section        0  stm32l0xx_it.o(i.SysTick_Handler)
    i.SystemClock_Config                     0x08001b54   Section        0  main.o(i.SystemClock_Config)
    i.SystemInit                             0x08001c9c   Section        0  system_stm32l0xx.o(i.SystemInit)
    i.USART1_IRQHandler                      0x08001ca0   Section        0  stm32l0xx_it.o(i.USART1_IRQHandler)
    i.__0sprintf                             0x08001d4c   Section        0  printfa.o(i.__0sprintf)
    i.__0vprintf                             0x08001d74   Section        0  printfa.o(i.__0vprintf)
    i.__ARM_clz                              0x08001d88   Section        0  depilogue.o(i.__ARM_clz)
    i.__NVIC_EnableIRQ                       0x08001db8   Section        0  dma.o(i.__NVIC_EnableIRQ)
    __NVIC_EnableIRQ                         0x08001db9   Thumb Code    18  dma.o(i.__NVIC_EnableIRQ)
    i.__NVIC_SetPriority                     0x08001dd0   Section        0  adc.o(i.__NVIC_SetPriority)
    __NVIC_SetPriority                       0x08001dd1   Thumb Code   110  adc.o(i.__NVIC_SetPriority)
    i.__NVIC_SetPriority                     0x08001e48   Section        0  dma.o(i.__NVIC_SetPriority)
    __NVIC_SetPriority                       0x08001e49   Thumb Code   110  dma.o(i.__NVIC_SetPriority)
    i.__NVIC_SetPriority                     0x08001ec0   Section        0  usart.o(i.__NVIC_SetPriority)
    __NVIC_SetPriority                       0x08001ec1   Thumb Code   110  usart.o(i.__NVIC_SetPriority)
    i.__scatterload_copy                     0x08001f38   Section       14  handlers.o(i.__scatterload_copy)
    i.__scatterload_null                     0x08001f46   Section        2  handlers.o(i.__scatterload_null)
    i.__scatterload_zeroinit                 0x08001f48   Section       14  handlers.o(i.__scatterload_zeroinit)
    i._fp_digits                             0x08001f58   Section        0  printfa.o(i._fp_digits)
    _fp_digits                               0x08001f59   Thumb Code   344  printfa.o(i._fp_digits)
    i._printf_core                           0x080020cc   Section        0  printfa.o(i._printf_core)
    _printf_core                             0x080020cd   Thumb Code  1754  printfa.o(i._printf_core)
    i._printf_post_padding                   0x080027b8   Section        0  printfa.o(i._printf_post_padding)
    _printf_post_padding                     0x080027b9   Thumb Code    32  printfa.o(i._printf_post_padding)
    i._printf_pre_padding                    0x080027d8   Section        0  printfa.o(i._printf_pre_padding)
    _printf_pre_padding                      0x080027d9   Thumb Code    44  printfa.o(i._printf_pre_padding)
    i._sputc                                 0x08002804   Section        0  printfa.o(i._sputc)
    _sputc                                   0x08002805   Thumb Code    10  printfa.o(i._sputc)
    i.fputc                                  0x08002810   Section        0  uprintf.o(i.fputc)
    i.gde021a1_CloseChargePump               0x0800285c   Section        0  gde021a1.o(i.gde021a1_CloseChargePump)
    i.gde021a1_DrawImage                     0x08002872   Section        0  gde021a1.o(i.gde021a1_DrawImage)
    i.gde021a1_GetEpdPixelHeight             0x08002a7a   Section        0  gde021a1.o(i.gde021a1_GetEpdPixelHeight)
    i.gde021a1_GetEpdPixelWidth              0x08002a7e   Section        0  gde021a1.o(i.gde021a1_GetEpdPixelWidth)
    i.gde021a1_Init                          0x08002a84   Section        0  gde021a1.o(i.gde021a1_Init)
    i.gde021a1_RefreshDisplay                0x08002b30   Section        0  gde021a1.o(i.gde021a1_RefreshDisplay)
    i.gde021a1_SetDisplayWindow              0x08002b46   Section        0  gde021a1.o(i.gde021a1_SetDisplayWindow)
    i.gde021a1_WritePixel                    0x08002b8e   Section        0  gde021a1.o(i.gde021a1_WritePixel)
    i.main                                   0x08002ba0   Section        0  main.o(i.main)
    i.my_printf                              0x08002fa4   Section        0  uprintf.o(i.my_printf)
    .constdata                               0x08002fd4   Section        7  adc.o(.constdata)
    CHANNEL_OFFSET_TAB                       0x08002fd4   Data           7  adc.o(.constdata)
    .constdata                               0x08002fdb   Section        7  usart.o(.constdata)
    CHANNEL_OFFSET_TAB                       0x08002fdb   Data           7  usart.o(.constdata)
    .constdata                               0x08002fe2   Section       64  main.o(.constdata)
    CHANNEL_OFFSET_TAB                       0x08002fe2   Data           7  main.o(.constdata)
    .constdata                               0x08003022   Section        7  stm32l0xx_it.o(.constdata)
    CHANNEL_OFFSET_TAB                       0x08003022   Data           7  stm32l0xx_it.o(.constdata)
    .constdata                               0x08003029   Section       33  system_stm32l0xx.o(.constdata)
    .constdata                               0x0800304a   Section    13782  stm32l0538_discovery_epd.o(.constdata)
    CHANNEL_OFFSET_TAB                       0x08006619   Data           7  stm32l0538_discovery_epd.o(.constdata)
    .constdata                               0x08006620   Section       97  gde021a1.o(.constdata)
    CHANNEL_OFFSET_TAB                       0x08006620   Data           7  gde021a1.o(.constdata)
    .conststring                             0x08006684   Section       96  main.o(.conststring)
    .data                                    0x20000000   Section        7  main.o(.data)
    Avg_Volt                                 0x20000004   Data           2  main.o(.data)
    ADC_display                              0x20000006   Data           1  main.o(.data)
    .data                                    0x20000008   Section        4  system_stm32l0xx.o(.data)
    .data                                    0x2000000c   Section        1  uprintf.o(.data)
    .data                                    0x20000010   Section       40  stm32l0538_discovery_epd.o(.data)
    pFont                                    0x20000030   Data           4  stm32l0538_discovery_epd.o(.data)
    epd_drv                                  0x20000034   Data           4  stm32l0538_discovery_epd.o(.data)
    .data                                    0x20000038   Section       32  gde021a1.o(.data)
    .data                                    0x20000058   Section        4  stdout.o(.data)
    .bss                                     0x2000005c   Section      404  main.o(.bss)
    STACK                                    0x200001f0   Section     1024  startup_stm32l053xx.o(STACK)

    Global Symbols

    Symbol Name                              Value     Ov Type        Size  Object(Section)

    BuildAttributes$$THM_ISAv3M$S$PE$A:L22$X:L11$S22$IEEE1$IW$USESV6$~STKCKD$USESV7$~SHL$OSPACE$ROPI$EBA8$MICROLIB$REQ8$PRES8$EABIv2 0x00000000   Number         0  anon$$obj.o ABSOLUTE
    __ARM_use_no_argv                        0x00000000   Number         0  main.o ABSOLUTE
    _printf_a                                0x00000000   Number         0  stubs.o ABSOLUTE
    _printf_c                                0x00000000   Number         0  stubs.o ABSOLUTE
    _printf_charcount                        0x00000000   Number         0  stubs.o ABSOLUTE
    _printf_d                                0x00000000   Number         0  stubs.o ABSOLUTE
    _printf_e                                0x00000000   Number         0  stubs.o ABSOLUTE
    _printf_f                                0x00000000   Number         0  stubs.o ABSOLUTE
    _printf_flags                            0x00000000   Number         0  stubs.o ABSOLUTE
    _printf_fp_dec                           0x00000000   Number         0  stubs.o ABSOLUTE
    _printf_fp_hex                           0x00000000   Number         0  stubs.o ABSOLUTE
    _printf_g                                0x00000000   Number         0  stubs.o ABSOLUTE
    _printf_i                                0x00000000   Number         0  stubs.o ABSOLUTE
    _printf_int_dec                          0x00000000   Number         0  stubs.o ABSOLUTE
    _printf_l                                0x00000000   Number         0  stubs.o ABSOLUTE
    _printf_lc                               0x00000000   Number         0  stubs.o ABSOLUTE
    _printf_ll                               0x00000000   Number         0  stubs.o ABSOLUTE
    _printf_lld                              0x00000000   Number         0  stubs.o ABSOLUTE
    _printf_lli                              0x00000000   Number         0  stubs.o ABSOLUTE
    _printf_llo                              0x00000000   Number         0  stubs.o ABSOLUTE
    _printf_llu                              0x00000000   Number         0  stubs.o ABSOLUTE
    _printf_llx                              0x00000000   Number         0  stubs.o ABSOLUTE
    _printf_longlong_dec                     0x00000000   Number         0  stubs.o ABSOLUTE
    _printf_longlong_hex                     0x00000000   Number         0  stubs.o ABSOLUTE
    _printf_longlong_oct                     0x00000000   Number         0  stubs.o ABSOLUTE
    _printf_ls                               0x00000000   Number         0  stubs.o ABSOLUTE
    _printf_mbtowc                           0x00000000   Number         0  stubs.o ABSOLUTE
    _printf_n                                0x00000000   Number         0  stubs.o ABSOLUTE
    _printf_o                                0x00000000   Number         0  stubs.o ABSOLUTE
    _printf_p                                0x00000000   Number         0  stubs.o ABSOLUTE
    _printf_percent                          0x00000000   Number         0  stubs.o ABSOLUTE
    _printf_pre_padding                      0x00000000   Number         0  stubs.o ABSOLUTE
    _printf_return_value                     0x00000000   Number         0  stubs.o ABSOLUTE
    _printf_s                                0x00000000   Number         0  stubs.o ABSOLUTE
    _printf_sizespec                         0x00000000   Number         0  stubs.o ABSOLUTE
    _printf_str                              0x00000000   Number         0  stubs.o ABSOLUTE
    _printf_truncate_signed                  0x00000000   Number         0  stubs.o ABSOLUTE
    _printf_truncate_unsigned                0x00000000   Number         0  stubs.o ABSOLUTE
    _printf_u                                0x00000000   Number         0  stubs.o ABSOLUTE
    _printf_wc                               0x00000000   Number         0  stubs.o ABSOLUTE
    _printf_wctomb                           0x00000000   Number         0  stubs.o ABSOLUTE
    _printf_widthprec                        0x00000000   Number         0  stubs.o ABSOLUTE
    _printf_x                                0x00000000   Number         0  stubs.o ABSOLUTE
    __cpp_initialize__aeabi_                  - Undefined Weak Reference
    __cxa_finalize                            - Undefined Weak Reference
    __decompress                              - Undefined Weak Reference
    _clock_init                               - Undefined Weak Reference
    _microlib_exit                            - Undefined Weak Reference
    __Vectors_Size                           0x000000c0   Number         0  startup_stm32l053xx.o ABSOLUTE
    __Vectors                                0x08000000   Data           4  startup_stm32l053xx.o(RESET)
    __Vectors_End                            0x080000c0   Data           0  startup_stm32l053xx.o(RESET)
    __main                                   0x080000c1   Thumb Code     0  entry.o(.ARM.Collect$$$$00000000)
    _main_stk                                0x080000c1   Thumb Code     0  entry2.o(.ARM.Collect$$$$00000001)
    _main_scatterload                        0x080000c5   Thumb Code     0  entry5.o(.ARM.Collect$$$$00000004)
    __main_after_scatterload                 0x080000c9   Thumb Code     0  entry5.o(.ARM.Collect$$$$00000004)
    _main_clock                              0x080000c9   Thumb Code     0  entry7b.o(.ARM.Collect$$$$00000008)
    _main_cpp_init                           0x080000c9   Thumb Code     0  entry8b.o(.ARM.Collect$$$$0000000A)
    _main_init                               0x080000c9   Thumb Code     0  entry9a.o(.ARM.Collect$$$$0000000B)
    __rt_final_cpp                           0x080000d1   Thumb Code     0  entry10a.o(.ARM.Collect$$$$0000000D)
    __rt_final_exit                          0x080000d1   Thumb Code     0  entry11a.o(.ARM.Collect$$$$0000000F)
    Reset_Handler                            0x080000d5   Thumb Code     8  startup_stm32l053xx.o(.text)
    DMA1_Channel4_5_6_7_IRQHandler           0x080000e7   Thumb Code     0  startup_stm32l053xx.o(.text)
    EXTI0_1_IRQHandler                       0x080000e7   Thumb Code     0  startup_stm32l053xx.o(.text)
    EXTI2_3_IRQHandler                       0x080000e7   Thumb Code     0  startup_stm32l053xx.o(.text)
    EXTI4_15_IRQHandler                      0x080000e7   Thumb Code     0  startup_stm32l053xx.o(.text)
    FLASH_IRQHandler                         0x080000e7   Thumb Code     0  startup_stm32l053xx.o(.text)
    I2C1_IRQHandler                          0x080000e7   Thumb Code     0  startup_stm32l053xx.o(.text)
    I2C2_IRQHandler                          0x080000e7   Thumb Code     0  startup_stm32l053xx.o(.text)
    LCD_IRQHandler                           0x080000e7   Thumb Code     0  startup_stm32l053xx.o(.text)
    LPTIM1_IRQHandler                        0x080000e7   Thumb Code     0  startup_stm32l053xx.o(.text)
    PVD_IRQHandler                           0x080000e7   Thumb Code     0  startup_stm32l053xx.o(.text)
    RCC_CRS_IRQHandler                       0x080000e7   Thumb Code     0  startup_stm32l053xx.o(.text)
    RNG_LPUART1_IRQHandler                   0x080000e7   Thumb Code     0  startup_stm32l053xx.o(.text)
    RTC_IRQHandler                           0x080000e7   Thumb Code     0  startup_stm32l053xx.o(.text)
    SPI1_IRQHandler                          0x080000e7   Thumb Code     0  startup_stm32l053xx.o(.text)
    SPI2_IRQHandler                          0x080000e7   Thumb Code     0  startup_stm32l053xx.o(.text)
    TIM21_IRQHandler                         0x080000e7   Thumb Code     0  startup_stm32l053xx.o(.text)
    TIM22_IRQHandler                         0x080000e7   Thumb Code     0  startup_stm32l053xx.o(.text)
    TIM2_IRQHandler                          0x080000e7   Thumb Code     0  startup_stm32l053xx.o(.text)
    TIM6_DAC_IRQHandler                      0x080000e7   Thumb Code     0  startup_stm32l053xx.o(.text)
    TSC_IRQHandler                           0x080000e7   Thumb Code     0  startup_stm32l053xx.o(.text)
    USART2_IRQHandler                        0x080000e7   Thumb Code     0  startup_stm32l053xx.o(.text)
    USB_IRQHandler                           0x080000e7   Thumb Code     0  startup_stm32l053xx.o(.text)
    WWDG_IRQHandler                          0x080000e7   Thumb Code     0  startup_stm32l053xx.o(.text)
    __aeabi_uidiv                            0x080000f1   Thumb Code     0  uidiv.o(.text)
    __aeabi_uidivmod                         0x080000f1   Thumb Code    44  uidiv.o(.text)
    __aeabi_memcpy                           0x0800011d   Thumb Code    36  memcpya.o(.text)
    __aeabi_memcpy4                          0x0800011d   Thumb Code     0  memcpya.o(.text)
    __aeabi_memcpy8                          0x0800011d   Thumb Code     0  memcpya.o(.text)
    __aeabi_memset                           0x08000141   Thumb Code    14  memseta.o(.text)
    __aeabi_memset4                          0x08000141   Thumb Code     0  memseta.o(.text)
    __aeabi_memset8                          0x08000141   Thumb Code     0  memseta.o(.text)
    __aeabi_memclr                           0x0800014f   Thumb Code     4  memseta.o(.text)
    __aeabi_memclr4                          0x0800014f   Thumb Code     0  memseta.o(.text)
    __aeabi_memclr8                          0x0800014f   Thumb Code     0  memseta.o(.text)
    _memset$wrapper                          0x08000153   Thumb Code    18  memseta.o(.text)
    __aeabi_uldivmod                         0x08000165   Thumb Code    96  uldiv.o(.text)
    __I$use$fp                               0x080001c5   Thumb Code     0  iusefp.o(.text)
    __aeabi_dadd                             0x080001c5   Thumb Code   328  dadd.o(.text)
    __aeabi_dsub                             0x0800030d   Thumb Code    12  dadd.o(.text)
    __aeabi_drsub                            0x08000319   Thumb Code    12  dadd.o(.text)
    __aeabi_dmul                             0x08000329   Thumb Code   202  dmul.o(.text)
    __aeabi_ddiv                             0x080003f9   Thumb Code   234  ddiv.o(.text)
    __aeabi_d2ulz                            0x080004e9   Thumb Code    54  dfixul.o(.text)
    __aeabi_cdrcmple                         0x08000529   Thumb Code    38  cdrcmple.o(.text)
    __scatterload                            0x08000551   Thumb Code    28  init.o(.text)
    __scatterload_rt2                        0x08000551   Thumb Code     0  init.o(.text)
    __aeabi_llsl                             0x08000575   Thumb Code    32  llshl.o(.text)
    _ll_shift_l                              0x08000575   Thumb Code     0  llshl.o(.text)
    __aeabi_llsr                             0x08000595   Thumb Code    34  llushr.o(.text)
    _ll_ushift_r                             0x08000595   Thumb Code     0  llushr.o(.text)
    __aeabi_lasr                             0x080005b7   Thumb Code    38  llsshr.o(.text)
    _ll_sshift_r                             0x080005b7   Thumb Code     0  llsshr.o(.text)
    _double_round                            0x080005dd   Thumb Code    26  depilogue.o(.text)
    _double_epilogue                         0x080005f7   Thumb Code   164  depilogue.o(.text)
    ADC1_COMP_IRQHandler                     0x0800069b   Thumb Code     2  stm32l0xx_it.o(i.ADC1_COMP_IRQHandler)
    Activate_ADC                             0x0800069d   Thumb Code   140  main.o(i.Activate_ADC)
    BSP_EPD_Clear                            0x08000731   Thumb Code    46  stm32l0538_discovery_epd.o(i.BSP_EPD_Clear)
    BSP_EPD_DisplayChar                      0x08000769   Thumb Code    48  stm32l0538_discovery_epd.o(i.BSP_EPD_DisplayChar)
    BSP_EPD_DisplayStringAt                  0x0800079d   Thumb Code   214  stm32l0538_discovery_epd.o(i.BSP_EPD_DisplayStringAt)
    BSP_EPD_DisplayStringAtLine              0x08000879   Thumb Code    30  stm32l0538_discovery_epd.o(i.BSP_EPD_DisplayStringAtLine)
    BSP_EPD_DrawHLine                        0x08000899   Thumb Code    48  stm32l0538_discovery_epd.o(i.BSP_EPD_DrawHLine)
    BSP_EPD_DrawImage                        0x080008cd   Thumb Code   110  stm32l0538_discovery_epd.o(i.BSP_EPD_DrawImage)
    BSP_EPD_GetFont                          0x08000941   Thumb Code     6  stm32l0538_discovery_epd.o(i.BSP_EPD_GetFont)
    BSP_EPD_GetXSize                         0x0800094d   Thumb Code    12  stm32l0538_discovery_epd.o(i.BSP_EPD_GetXSize)
    BSP_EPD_GetYSize                         0x0800095d   Thumb Code    12  stm32l0538_discovery_epd.o(i.BSP_EPD_GetYSize)
    BSP_EPD_Init                             0x0800096d   Thumb Code    40  stm32l0538_discovery_epd.o(i.BSP_EPD_Init)
    BSP_EPD_RefreshDisplay                   0x080009a9   Thumb Code    42  stm32l0538_discovery_epd.o(i.BSP_EPD_RefreshDisplay)
    BSP_EPD_SetFont                          0x080009dd   Thumb Code     6  stm32l0538_discovery_epd.o(i.BSP_EPD_SetFont)
    DMA1_Channel1_IRQHandler                 0x080009e9   Thumb Code     2  stm32l0xx_it.o(i.DMA1_Channel1_IRQHandler)
    DMA1_Channel2_3_IRQHandler               0x080009eb   Thumb Code     2  stm32l0xx_it.o(i.DMA1_Channel2_3_IRQHandler)
    EPD_IO_Init                              0x08000a59   Thumb Code   160  gde021a1.o(i.EPD_IO_Init)
    EPD_IO_WriteData                         0x08000afd   Thumb Code    46  gde021a1.o(i.EPD_IO_WriteData)
    EPD_IO_WriteReg                          0x08000b31   Thumb Code    46  gde021a1.o(i.EPD_IO_WriteReg)
    Enable_USART1_IT                         0x08000b65   Thumb Code    44  main.o(i.Enable_USART1_IT)
    HardFault_Handler                        0x08000b95   Thumb Code     4  stm32l0xx_it.o(i.HardFault_Handler)
    LL_ADC_Init                              0x08000b99   Thumb Code    58  stm32l0xx_ll_adc.o(i.LL_ADC_Init)
    LL_ADC_REG_Init                          0x08000bf9   Thumb Code    54  stm32l0xx_ll_adc.o(i.LL_ADC_REG_Init)
    LL_EXTI_Init                             0x08000d15   Thumb Code   184  stm32l0xx_ll_exti.o(i.LL_EXTI_Init)
    LL_GPIO_Init                             0x08000dd1   Thumb Code   240  stm32l0xx_ll_gpio.o(i.LL_GPIO_Init)
    LL_Init1msTick                           0x08000f35   Thumb Code    34  stm32l0xx_ll_utils.o(i.LL_Init1msTick)
    LL_RCC_GetSystemClocksFreq               0x08000f5d   Thumb Code    36  stm32l0xx_ll_rcc.o(i.LL_RCC_GetSystemClocksFreq)
    LL_RCC_GetUSARTClockFreq                 0x08000f81   Thumb Code   210  stm32l0xx_ll_rcc.o(i.LL_RCC_GetUSARTClockFreq)
    LL_SPI_Init                              0x080010b5   Thumb Code   112  stm32l0xx_ll_spi.o(i.LL_SPI_Init)
    LL_SetSystemCoreClock                    0x08001129   Thumb Code     6  stm32l0xx_ll_utils.o(i.LL_SetSystemCoreClock)
    LL_USART_Init                            0x08001135   Thumb Code   210  stm32l0xx_ll_usart.o(i.LL_USART_Init)
    LL_mDelay                                0x08001229   Thumb Code    42  stm32l0xx_ll_utils.o(i.LL_mDelay)
    MX_ADC_Init                              0x08001259   Thumb Code   570  adc.o(i.MX_ADC_Init)
    MX_DMA_Init                              0x080014c1   Thumb Code    56  dma.o(i.MX_DMA_Init)
    MX_GPIO_Init                             0x080014fd   Thumb Code   396  gpio.o(i.MX_GPIO_Init)
    MX_SPI1_Init                             0x08001691   Thumb Code   212  spi.o(i.MX_SPI1_Init)
    MX_USART1_UART_Init                      0x08001771   Thumb Code   454  usart.o(i.MX_USART1_UART_Init)
    NMI_Handler                              0x08001951   Thumb Code     4  stm32l0xx_it.o(i.NMI_Handler)
    PendSV_Handler                           0x08001955   Thumb Code     2  stm32l0xx_it.o(i.PendSV_Handler)
    RCC_GetHCLKClockFreq                     0x08001959   Thumb Code    26  stm32l0xx_ll_rcc.o(i.RCC_GetHCLKClockFreq)
    RCC_GetPCLK1ClockFreq                    0x0800197d   Thumb Code    26  stm32l0xx_ll_rcc.o(i.RCC_GetPCLK1ClockFreq)
    RCC_GetPCLK2ClockFreq                    0x080019a1   Thumb Code    26  stm32l0xx_ll_rcc.o(i.RCC_GetPCLK2ClockFreq)
    RCC_GetSystemClockFreq                   0x080019c5   Thumb Code    96  stm32l0xx_ll_rcc.o(i.RCC_GetSystemClockFreq)
    RCC_PLL_GetFreqDomain_SYS                0x08001a35   Thumb Code    86  stm32l0xx_ll_rcc.o(i.RCC_PLL_GetFreqDomain_SYS)
    SVC_Handler                              0x08001ad1   Thumb Code     2  stm32l0xx_it.o(i.SVC_Handler)
    Start_ADC1DMA                            0x08001ad5   Thumb Code    38  main.o(i.Start_ADC1DMA)
    Start_U1DMA                              0x08001b09   Thumb Code    58  main.o(i.Start_U1DMA)
    SysTick_Handler                          0x08001b51   Thumb Code     2  stm32l0xx_it.o(i.SysTick_Handler)
    SystemClock_Config                       0x08001b55   Thumb Code   312  main.o(i.SystemClock_Config)
    SystemInit                               0x08001c9d   Thumb Code     2  system_stm32l0xx.o(i.SystemInit)
    USART1_IRQHandler                        0x08001ca1   Thumb Code   152  stm32l0xx_it.o(i.USART1_IRQHandler)
    __0sprintf                               0x08001d4d   Thumb Code    36  printfa.o(i.__0sprintf)
    __1sprintf                               0x08001d4d   Thumb Code     0  printfa.o(i.__0sprintf)
    __2sprintf                               0x08001d4d   Thumb Code     0  printfa.o(i.__0sprintf)
    __c89sprintf                             0x08001d4d   Thumb Code     0  printfa.o(i.__0sprintf)
    sprintf                                  0x08001d4d   Thumb Code     0  printfa.o(i.__0sprintf)
    __0vprintf                               0x08001d75   Thumb Code    12  printfa.o(i.__0vprintf)
    __1vprintf                               0x08001d75   Thumb Code     0  printfa.o(i.__0vprintf)
    __2vprintf                               0x08001d75   Thumb Code     0  printfa.o(i.__0vprintf)
    __c89vprintf                             0x08001d75   Thumb Code     0  printfa.o(i.__0vprintf)
    vprintf                                  0x08001d75   Thumb Code     0  printfa.o(i.__0vprintf)
    __ARM_clz                                0x08001d89   Thumb Code    46  depilogue.o(i.__ARM_clz)
    __scatterload_copy                       0x08001f39   Thumb Code    14  handlers.o(i.__scatterload_copy)
    __scatterload_null                       0x08001f47   Thumb Code     2  handlers.o(i.__scatterload_null)
    __scatterload_zeroinit                   0x08001f49   Thumb Code    14  handlers.o(i.__scatterload_zeroinit)
    fputc                                    0x08002811   Thumb Code    64  uprintf.o(i.fputc)
    gde021a1_CloseChargePump                 0x0800285d   Thumb Code    22  gde021a1.o(i.gde021a1_CloseChargePump)
    gde021a1_DrawImage                       0x08002873   Thumb Code   520  gde021a1.o(i.gde021a1_DrawImage)
    gde021a1_GetEpdPixelHeight               0x08002a7b   Thumb Code     4  gde021a1.o(i.gde021a1_GetEpdPixelHeight)
    gde021a1_GetEpdPixelWidth                0x08002a7f   Thumb Code     4  gde021a1.o(i.gde021a1_GetEpdPixelWidth)
    gde021a1_Init                            0x08002a85   Thumb Code   168  gde021a1.o(i.gde021a1_Init)
    gde021a1_RefreshDisplay                  0x08002b31   Thumb Code    22  gde021a1.o(i.gde021a1_RefreshDisplay)
    gde021a1_SetDisplayWindow                0x08002b47   Thumb Code    72  gde021a1.o(i.gde021a1_SetDisplayWindow)
    gde021a1_WritePixel                      0x08002b8f   Thumb Code    18  gde021a1.o(i.gde021a1_WritePixel)
    main                                     0x08002ba1   Thumb Code   614  main.o(i.main)
    my_printf                                0x08002fa5   Thumb Code    44  uprintf.o(i.my_printf)
    picture_1                                0x08002fe9   Data          54  main.o(.constdata)
    picture_2                                0x0800301f   Data           1  main.o(.constdata)
    picture_3                                0x08003020   Data           1  main.o(.constdata)
    picture_4                                0x08003021   Data           1  main.o(.constdata)
    AHBPrescTable                            0x08003029   Data          16  system_stm32l0xx.o(.constdata)
    APBPrescTable                            0x08003039   Data           8  system_stm32l0xx.o(.constdata)
    PLLMulTable                              0x08003041   Data           9  system_stm32l0xx.o(.constdata)
    Font20_Table                             0x0800304a   Data        6650  stm32l0538_discovery_epd.o(.constdata)
    Font16_Table                             0x08004a44   Data        4180  stm32l0538_discovery_epd.o(.constdata)
    Font12_Table                             0x08005a98   Data        1995  stm32l0538_discovery_epd.o(.constdata)
    Font8_Table                              0x08006263   Data         950  stm32l0538_discovery_epd.o(.constdata)
    WF_LUT                                   0x08006627   Data          90  gde021a1.o(.constdata)
    Region$$Table$$Base                      0x080066e4   Number         0  anon$$obj.o(Region$$Table)
    Region$$Table$$Limit                     0x08006704   Number         0  anon$$obj.o(Region$$Table)
    Value_ADC                                0x20000000   Data           4  main.o(.data)
    SystemCoreClock                          0x20000008   Data           4  system_stm32l0xx.o(.data)
    uart_port                                0x2000000c   Data           1  uprintf.o(.data)
    Font20                                   0x20000010   Data           8  stm32l0538_discovery_epd.o(.data)
    Font16                                   0x20000018   Data           8  stm32l0538_discovery_epd.o(.data)
    Font12                                   0x20000020   Data           8  stm32l0538_discovery_epd.o(.data)
    Font8                                    0x20000028   Data           8  stm32l0538_discovery_epd.o(.data)
    gde021a1_drv                             0x20000038   Data          32  gde021a1.o(.data)
    __stdout                                 0x20000058   Data           4  stdout.o(.data)
    U1_RD                                    0x2000005c   Data         204  main.o(.bss)
    U1DMA_RXBUF                              0x20000128   Data         200  main.o(.bss)
    __initial_sp                             0x200005f0   Data           0  startup_stm32l053xx.o(STACK)



==============================================================================

Memory Map of the image

  Image Entry point : 0x080000c1

  Load Region LR_IROM1 (Base: 0x08000000, Size: 0x00006760, Max: 0x00010000, ABSOLUTE)

    Execution Region ER_IROM1 (Exec base: 0x08000000, Load base: 0x08000000, Size: 0x00006704, Max: 0x00010000, ABSOLUTE)

    Exec Addr    Load Addr    Size         Type   Attr      Idx    E Section Name        Object

    0x08000000   0x08000000   0x000000c0   Data   RO            3    RESET               startup_stm32l053xx.o
    0x080000c0   0x080000c0   0x00000000   Code   RO         1429  * .ARM.Collect$$$$00000000  mc_p.l(entry.o)
    0x080000c0   0x080000c0   0x00000004   Code   RO         1701    .ARM.Collect$$$$00000001  mc_p.l(entry2.o)
    0x080000c4   0x080000c4   0x00000004   Code   RO         1704    .ARM.Collect$$$$00000004  mc_p.l(entry5.o)
    0x080000c8   0x080000c8   0x00000000   Code   RO         1706    .ARM.Collect$$$$00000008  mc_p.l(entry7b.o)
    0x080000c8   0x080000c8   0x00000000   Code   RO         1708    .ARM.Collect$$$$0000000A  mc_p.l(entry8b.o)
    0x080000c8   0x080000c8   0x00000008   Code   RO         1709    .ARM.Collect$$$$0000000B  mc_p.l(entry9a.o)
    0x080000d0   0x080000d0   0x00000000   Code   RO         1711    .ARM.Collect$$$$0000000D  mc_p.l(entry10a.o)
    0x080000d0   0x080000d0   0x00000000   Code   RO         1713    .ARM.Collect$$$$0000000F  mc_p.l(entry11a.o)
    0x080000d0   0x080000d0   0x00000004   Code   RO         1702    .ARM.Collect$$$$00002712  mc_p.l(entry2.o)
    0x080000d4   0x080000d4   0x0000001c   Code   RO            4    .text               startup_stm32l053xx.o
    0x080000f0   0x080000f0   0x0000002c   Code   RO         1432    .text               mc_p.l(uidiv.o)
    0x0800011c   0x0800011c   0x00000024   Code   RO         1434    .text               mc_p.l(memcpya.o)
    0x08000140   0x08000140   0x00000024   Code   RO         1436    .text               mc_p.l(memseta.o)
    0x08000164   0x08000164   0x00000060   Code   RO         1716    .text               mc_p.l(uldiv.o)
    0x080001c4   0x080001c4   0x00000000   Code   RO         1718    .text               mc_p.l(iusefp.o)
    0x080001c4   0x080001c4   0x00000164   Code   RO         1719    .text               mf_p.l(dadd.o)
    0x08000328   0x08000328   0x000000d0   Code   RO         1721    .text               mf_p.l(dmul.o)
    0x080003f8   0x080003f8   0x000000f0   Code   RO         1723    .text               mf_p.l(ddiv.o)
    0x080004e8   0x080004e8   0x00000040   Code   RO         1725    .text               mf_p.l(dfixul.o)
    0x08000528   0x08000528   0x00000028   Code   RO         1727    .text               mf_p.l(cdrcmple.o)
    0x08000550   0x08000550   0x00000024   Code   RO         1729    .text               mc_p.l(init.o)
    0x08000574   0x08000574   0x00000020   Code   RO         1731    .text               mc_p.l(llshl.o)
    0x08000594   0x08000594   0x00000022   Code   RO         1733    .text               mc_p.l(llushr.o)
    0x080005b6   0x080005b6   0x00000026   Code   RO         1735    .text               mc_p.l(llsshr.o)
    0x080005dc   0x080005dc   0x000000be   Code   RO         1737    .text               mf_p.l(depilogue.o)
    0x0800069a   0x0800069a   0x00000002   Code   RO          416    i.ADC1_COMP_IRQHandler  stm32l0xx_it.o
    0x0800069c   0x0800069c   0x00000094   Code   RO          273    i.Activate_ADC      main.o
    0x08000730   0x08000730   0x00000038   Code   RO         1172    i.BSP_EPD_Clear     stm32l0538_discovery_epd.o
    0x08000768   0x08000768   0x00000034   Code   RO         1174    i.BSP_EPD_DisplayChar  stm32l0538_discovery_epd.o
    0x0800079c   0x0800079c   0x000000dc   Code   RO         1175    i.BSP_EPD_DisplayStringAt  stm32l0538_discovery_epd.o
    0x08000878   0x08000878   0x0000001e   Code   RO         1176    i.BSP_EPD_DisplayStringAtLine  stm32l0538_discovery_epd.o
    0x08000896   0x08000896   0x00000002   PAD
    0x08000898   0x08000898   0x00000034   Code   RO         1177    i.BSP_EPD_DrawHLine  stm32l0538_discovery_epd.o
    0x080008cc   0x080008cc   0x00000074   Code   RO         1178    i.BSP_EPD_DrawImage  stm32l0538_discovery_epd.o
    0x08000940   0x08000940   0x0000000c   Code   RO         1182    i.BSP_EPD_GetFont   stm32l0538_discovery_epd.o
    0x0800094c   0x0800094c   0x00000010   Code   RO         1183    i.BSP_EPD_GetXSize  stm32l0538_discovery_epd.o
    0x0800095c   0x0800095c   0x00000010   Code   RO         1184    i.BSP_EPD_GetYSize  stm32l0538_discovery_epd.o
    0x0800096c   0x0800096c   0x0000003c   Code   RO         1185    i.BSP_EPD_Init      stm32l0538_discovery_epd.o
    0x080009a8   0x080009a8   0x00000034   Code   RO         1186    i.BSP_EPD_RefreshDisplay  stm32l0538_discovery_epd.o
    0x080009dc   0x080009dc   0x0000000c   Code   RO         1187    i.BSP_EPD_SetFont   stm32l0538_discovery_epd.o
    0x080009e8   0x080009e8   0x00000002   Code   RO          417    i.DMA1_Channel1_IRQHandler  stm32l0xx_it.o
    0x080009ea   0x080009ea   0x00000002   Code   RO          418    i.DMA1_Channel2_3_IRQHandler  stm32l0xx_it.o
    0x080009ec   0x080009ec   0x0000006c   Code   RO         1188    i.DrawChar          stm32l0538_discovery_epd.o
    0x08000a58   0x08000a58   0x000000a4   Code   RO         1312    i.EPD_IO_Init       gde021a1.o
    0x08000afc   0x08000afc   0x00000034   Code   RO         1313    i.EPD_IO_WriteData  gde021a1.o
    0x08000b30   0x08000b30   0x00000034   Code   RO         1314    i.EPD_IO_WriteReg   gde021a1.o
    0x08000b64   0x08000b64   0x00000030   Code   RO          274    i.Enable_USART1_IT  main.o
    0x08000b94   0x08000b94   0x00000004   Code   RO          419    i.HardFault_Handler  stm32l0xx_it.o
    0x08000b98   0x08000b98   0x00000040   Code   RO          554    i.LL_ADC_Init       stm32l0xx_ll_adc.o
    0x08000bd8   0x08000bd8   0x00000010   Code   RO          276    i.LL_ADC_IsEnabled  main.o
    0x08000be8   0x08000be8   0x00000010   Code   RO          555    i.LL_ADC_IsEnabled  stm32l0xx_ll_adc.o
    0x08000bf8   0x08000bf8   0x0000003c   Code   RO          556    i.LL_ADC_REG_Init   stm32l0xx_ll_adc.o
    0x08000c34   0x08000c34   0x0000000c   Code   RO          277    i.LL_ADC_REG_SetDMATransfer  main.o
    0x08000c40   0x08000c40   0x00000034   Code   RO          278    i.LL_DMA_ConfigAddresses  main.o
    0x08000c74   0x08000c74   0x0000001c   Code   RO          279    i.LL_DMA_EnableChannel  main.o
    0x08000c90   0x08000c90   0x00000024   Code   RO          280    i.LL_DMA_SetDataLength  main.o
    0x08000cb4   0x08000cb4   0x00000010   Code   RO          892    i.LL_EXTI_DisableEvent_0_31  stm32l0xx_ll_exti.o
    0x08000cc4   0x08000cc4   0x00000010   Code   RO          893    i.LL_EXTI_DisableIT_0_31  stm32l0xx_ll_exti.o
    0x08000cd4   0x08000cd4   0x00000010   Code   RO          894    i.LL_EXTI_EnableEvent_0_31  stm32l0xx_ll_exti.o
    0x08000ce4   0x08000ce4   0x00000010   Code   RO          895    i.LL_EXTI_EnableFallingTrig_0_31  stm32l0xx_ll_exti.o
    0x08000cf4   0x08000cf4   0x00000010   Code   RO          896    i.LL_EXTI_EnableIT_0_31  stm32l0xx_ll_exti.o
    0x08000d04   0x08000d04   0x00000010   Code   RO          897    i.LL_EXTI_EnableRisingTrig_0_31  stm32l0xx_ll_exti.o
    0x08000d14   0x08000d14   0x000000bc   Code   RO          898    i.LL_EXTI_Init      stm32l0xx_ll_exti.o
    0x08000dd0   0x08000dd0   0x000000f0   Code   RO          503    i.LL_GPIO_Init      stm32l0xx_ll_gpio.o
    0x08000ec0   0x08000ec0   0x00000004   Code   RO           12    i.LL_GPIO_ResetOutputPin  gpio.o
    0x08000ec4   0x08000ec4   0x00000004   Code   RO         1315    i.LL_GPIO_ResetOutputPin  gde021a1.o
    0x08000ec8   0x08000ec8   0x00000004   Code   RO         1316    i.LL_GPIO_SetOutputPin  gde021a1.o
    0x08000ecc   0x08000ecc   0x00000014   Code   RO          281    i.LL_GPIO_TogglePin  main.o
    0x08000ee0   0x08000ee0   0x0000001c   Code   RO           13    i.LL_IOP_GRP1_EnableClock  gpio.o
    0x08000efc   0x08000efc   0x0000001c   Code   RO          207    i.LL_IOP_GRP1_EnableClock  spi.o
    0x08000f18   0x08000f18   0x0000001c   Code   RO         1317    i.LL_IOP_GRP1_EnableClock  gde021a1.o
    0x08000f34   0x08000f34   0x00000028   Code   RO          792    i.LL_Init1msTick    stm32l0xx_ll_utils.o
    0x08000f5c   0x08000f5c   0x00000024   Code   RO          677    i.LL_RCC_GetSystemClocksFreq  stm32l0xx_ll_rcc.o
    0x08000f80   0x08000f80   0x000000dc   Code   RO          678    i.LL_RCC_GetUSARTClockFreq  stm32l0xx_ll_rcc.o
    0x0800105c   0x0800105c   0x00000014   Code   RO          679    i.LL_RCC_GetUSARTClockSource  stm32l0xx_ll_rcc.o
    0x08001070   0x08001070   0x00000010   Code   RO          681    i.LL_RCC_HSI_IsReady  stm32l0xx_ll_rcc.o
    0x08001080   0x08001080   0x00000010   Code   RO          682    i.LL_RCC_IsActiveFlag_HSIDIV  stm32l0xx_ll_rcc.o
    0x08001090   0x08001090   0x00000014   Code   RO          683    i.LL_RCC_LSE_IsReady  stm32l0xx_ll_rcc.o
    0x080010a4   0x080010a4   0x00000010   Code   RO          684    i.LL_RCC_MSI_GetRange  stm32l0xx_ll_rcc.o
    0x080010b4   0x080010b4   0x00000074   Code   RO          961    i.LL_SPI_Init       stm32l0xx_ll_spi.o
    0x08001128   0x08001128   0x0000000c   Code   RO          801    i.LL_SetSystemCoreClock  stm32l0xx_ll_utils.o
    0x08001134   0x08001134   0x000000e4   Code   RO         1044    i.LL_USART_Init     stm32l0xx_ll_usart.o
    0x08001218   0x08001218   0x00000010   Code   RO         1045    i.LL_USART_IsEnabled  stm32l0xx_ll_usart.o
    0x08001228   0x08001228   0x00000030   Code   RO          802    i.LL_mDelay         stm32l0xx_ll_utils.o
    0x08001258   0x08001258   0x00000268   Code   RO          118    i.MX_ADC_Init       adc.o
    0x080014c0   0x080014c0   0x0000003c   Code   RO          166    i.MX_DMA_Init       dma.o
    0x080014fc   0x080014fc   0x00000194   Code   RO           14    i.MX_GPIO_Init      gpio.o
    0x08001690   0x08001690   0x000000e0   Code   RO          208    i.MX_SPI1_Init      spi.o
    0x08001770   0x08001770   0x000001e0   Code   RO          240    i.MX_USART1_UART_Init  usart.o
    0x08001950   0x08001950   0x00000004   Code   RO          420    i.NMI_Handler       stm32l0xx_it.o
    0x08001954   0x08001954   0x00000002   Code   RO          421    i.PendSV_Handler    stm32l0xx_it.o
    0x08001956   0x08001956   0x00000002   PAD
    0x08001958   0x08001958   0x00000024   Code   RO          686    i.RCC_GetHCLKClockFreq  stm32l0xx_ll_rcc.o
    0x0800197c   0x0800197c   0x00000024   Code   RO          687    i.RCC_GetPCLK1ClockFreq  stm32l0xx_ll_rcc.o
    0x080019a0   0x080019a0   0x00000024   Code   RO          688    i.RCC_GetPCLK2ClockFreq  stm32l0xx_ll_rcc.o
    0x080019c4   0x080019c4   0x00000070   Code   RO          689    i.RCC_GetSystemClockFreq  stm32l0xx_ll_rcc.o
    0x08001a34   0x08001a34   0x0000006c   Code   RO          690    i.RCC_PLL_GetFreqDomain_SYS  stm32l0xx_ll_rcc.o
    0x08001aa0   0x08001aa0   0x00000030   Code   RO         1318    i.SPIx_Write        gde021a1.o
    0x08001ad0   0x08001ad0   0x00000002   Code   RO          422    i.SVC_Handler       stm32l0xx_it.o
    0x08001ad2   0x08001ad2   0x00000002   PAD
    0x08001ad4   0x08001ad4   0x00000034   Code   RO          282    i.Start_ADC1DMA     main.o
    0x08001b08   0x08001b08   0x00000048   Code   RO          283    i.Start_U1DMA       main.o
    0x08001b50   0x08001b50   0x00000002   Code   RO          423    i.SysTick_Handler   stm32l0xx_it.o
    0x08001b52   0x08001b52   0x00000002   PAD
    0x08001b54   0x08001b54   0x00000148   Code   RO          284    i.SystemClock_Config  main.o
    0x08001c9c   0x08001c9c   0x00000002   Code   RO         1094    i.SystemInit        system_stm32l0xx.o
    0x08001c9e   0x08001c9e   0x00000002   PAD
    0x08001ca0   0x08001ca0   0x000000ac   Code   RO          424    i.USART1_IRQHandler  stm32l0xx_it.o
    0x08001d4c   0x08001d4c   0x00000028   Code   RO         1675    i.__0sprintf        mc_p.l(printfa.o)
    0x08001d74   0x08001d74   0x00000014   Code   RO         1677    i.__0vprintf        mc_p.l(printfa.o)
    0x08001d88   0x08001d88   0x0000002e   Code   RO         1739    i.__ARM_clz         mf_p.l(depilogue.o)
    0x08001db6   0x08001db6   0x00000002   PAD
    0x08001db8   0x08001db8   0x00000018   Code   RO          167    i.__NVIC_EnableIRQ  dma.o
    0x08001dd0   0x08001dd0   0x00000078   Code   RO          119    i.__NVIC_SetPriority  adc.o
    0x08001e48   0x08001e48   0x00000078   Code   RO          168    i.__NVIC_SetPriority  dma.o
    0x08001ec0   0x08001ec0   0x00000078   Code   RO          241    i.__NVIC_SetPriority  usart.o
    0x08001f38   0x08001f38   0x0000000e   Code   RO         1743    i.__scatterload_copy  mc_p.l(handlers.o)
    0x08001f46   0x08001f46   0x00000002   Code   RO         1744    i.__scatterload_null  mc_p.l(handlers.o)
    0x08001f48   0x08001f48   0x0000000e   Code   RO         1745    i.__scatterload_zeroinit  mc_p.l(handlers.o)
    0x08001f56   0x08001f56   0x00000002   PAD
    0x08001f58   0x08001f58   0x00000174   Code   RO         1680    i._fp_digits        mc_p.l(printfa.o)
    0x080020cc   0x080020cc   0x000006ec   Code   RO         1681    i._printf_core      mc_p.l(printfa.o)
    0x080027b8   0x080027b8   0x00000020   Code   RO         1682    i._printf_post_padding  mc_p.l(printfa.o)
    0x080027d8   0x080027d8   0x0000002c   Code   RO         1683    i._printf_pre_padding  mc_p.l(printfa.o)
    0x08002804   0x08002804   0x0000000a   Code   RO         1685    i._sputc            mc_p.l(printfa.o)
    0x0800280e   0x0800280e   0x00000002   PAD
    0x08002810   0x08002810   0x0000004c   Code   RO         1127    i.fputc             uprintf.o
    0x0800285c   0x0800285c   0x00000016   Code   RO         1319    i.gde021a1_CloseChargePump  gde021a1.o
    0x08002872   0x08002872   0x00000208   Code   RO         1320    i.gde021a1_DrawImage  gde021a1.o
    0x08002a7a   0x08002a7a   0x00000004   Code   RO         1321    i.gde021a1_GetEpdPixelHeight  gde021a1.o
    0x08002a7e   0x08002a7e   0x00000004   Code   RO         1322    i.gde021a1_GetEpdPixelWidth  gde021a1.o
    0x08002a82   0x08002a82   0x00000002   PAD
    0x08002a84   0x08002a84   0x000000ac   Code   RO         1323    i.gde021a1_Init     gde021a1.o
    0x08002b30   0x08002b30   0x00000016   Code   RO         1324    i.gde021a1_RefreshDisplay  gde021a1.o
    0x08002b46   0x08002b46   0x00000048   Code   RO         1325    i.gde021a1_SetDisplayWindow  gde021a1.o
    0x08002b8e   0x08002b8e   0x00000012   Code   RO         1326    i.gde021a1_WritePixel  gde021a1.o
    0x08002ba0   0x08002ba0   0x00000404   Code   RO          285    i.main              main.o
    0x08002fa4   0x08002fa4   0x00000030   Code   RO         1128    i.my_printf         uprintf.o
    0x08002fd4   0x08002fd4   0x00000007   Data   RO          120    .constdata          adc.o
    0x08002fdb   0x08002fdb   0x00000007   Data   RO          242    .constdata          usart.o
    0x08002fe2   0x08002fe2   0x00000040   Data   RO          287    .constdata          main.o
    0x08003022   0x08003022   0x00000007   Data   RO          425    .constdata          stm32l0xx_it.o
    0x08003029   0x08003029   0x00000021   Data   RO         1095    .constdata          system_stm32l0xx.o
    0x0800304a   0x0800304a   0x000035d6   Data   RO         1189    .constdata          stm32l0538_discovery_epd.o
    0x08006620   0x08006620   0x00000061   Data   RO         1328    .constdata          gde021a1.o
    0x08006681   0x08006681   0x00000003   PAD
    0x08006684   0x08006684   0x00000060   Data   RO          288    .conststring        main.o
    0x080066e4   0x080066e4   0x00000020   Data   RO         1741    Region$$Table       anon$$obj.o


    Execution Region RW_IRAM1 (Exec base: 0x20000000, Load base: 0x08006704, Size: 0x000005f0, Max: 0x00002000, ABSOLUTE)

    Exec Addr    Load Addr    Size         Type   Attr      Idx    E Section Name        Object

    0x20000000   0x08006704   0x00000007   Data   RW          289    .data               main.o
    0x20000007   0x0800670b   0x00000001   PAD
    0x20000008   0x0800670c   0x00000004   Data   RW         1096    .data               system_stm32l0xx.o
    0x2000000c   0x08006710   0x00000001   Data   RW         1130    .data               uprintf.o
    0x2000000d   0x08006711   0x00000003   PAD
    0x20000010   0x08006714   0x00000028   Data   RW         1190    .data               stm32l0538_discovery_epd.o
    0x20000038   0x0800673c   0x00000020   Data   RW         1329    .data               gde021a1.o
    0x20000058   0x0800675c   0x00000004   Data   RW         1715    .data               mc_p.l(stdout.o)
    0x2000005c        -       0x00000194   Zero   RW          286    .bss                main.o
    0x200001f0        -       0x00000400   Zero   RW            1    STACK               startup_stm32l053xx.o


==============================================================================

Image component sizes


      Code (inc. data)   RO Data    RW Data    ZI Data      Debug   Object Name

       736         56          7          0          0      58822   adc.o
       204         20          0          0          0      14670   dma.o
      1186         30         97         32          0      23214   gde021a1.o
       436         12          0          0          0     282567   gpio.o
      1840        484        160          7        404     108026   main.o
       252         16          0          0          0      11311   spi.o
        28          8        192          0       1024        632   startup_stm32l053xx.o
       802         90      13782         40          0      15272   stm32l0538_discovery_epd.o
       192         20          7          0          0      34242   stm32l0xx_it.o
       140         12          0          0          0      31916   stm32l0xx_ll_adc.o
       284         28          0          0          0       7371   stm32l0xx_ll_exti.o
       240          0          0          0          0       6995   stm32l0xx_ll_gpio.o
       672        102          0          0          0      22276   stm32l0xx_ll_rcc.o
       116          4          0          0          0      14510   stm32l0xx_ll_spi.o
       244         18          0          0          0      21604   stm32l0xx_ll_usart.o
       100         18          0          0          0       6069   stm32l0xx_ll_utils.o
         2          0         33          4          0       1171   system_stm32l0xx.o
       124         16          0          1          0       3220   uprintf.o
       600         36          7          0          0      20422   usart.o

    ----------------------------------------------------------------------
      8210        970      14320         88       1428     684310   Object Totals
         0          0         32          0          0          0   (incl. Generated)
        12          0          3          4          0          0   (incl. Padding)

    ----------------------------------------------------------------------

      Code (inc. data)   RO Data    RW Data    ZI Data      Debug   Library Member Name

         0          0          0          0          0          0   entry.o
         0          0          0          0          0          0   entry10a.o
         0          0          0          0          0          0   entry11a.o
         8          4          0          0          0          0   entry2.o
         4          0          0          0          0          0   entry5.o
         0          0          0          0          0          0   entry7b.o
         0          0          0          0          0          0   entry8b.o
         8          4          0          0          0          0   entry9a.o
        30          0          0          0          0          0   handlers.o
        36          8          0          0          0         68   init.o
         0          0          0          0          0          0   iusefp.o
        32          0          0          0          0         68   llshl.o
        38          0          0          0          0         68   llsshr.o
        34          0          0          0          0         68   llushr.o
        36          0          0          0          0         60   memcpya.o
        36          0          0          0          0        100   memseta.o
      2290        102          0          0          0        540   printfa.o
         0          0          0          4          0          0   stdout.o
        44          0          0          0          0         72   uidiv.o
        96          0          0          0          0         84   uldiv.o
        40          2          0          0          0         68   cdrcmple.o
       356          4          0          0          0        140   dadd.o
       240          6          0          0          0         84   ddiv.o
       236          0          0          0          0        216   depilogue.o
        64         10          0          0          0         68   dfixul.o
       208          6          0          0          0         88   dmul.o

    ----------------------------------------------------------------------
      3842        146          0          4          0       1792   Library Totals
         6          0          0          0          0          0   (incl. Padding)

    ----------------------------------------------------------------------

      Code (inc. data)   RO Data    RW Data    ZI Data      Debug   Library Name

      2692        118          0          4          0       1128   mc_p.l
      1144         28          0          0          0        664   mf_p.l

    ----------------------------------------------------------------------
      3842        146          0          4          0       1792   Library Totals

    ----------------------------------------------------------------------

==============================================================================


      Code (inc. data)   RO Data    RW Data    ZI Data      Debug   

     12052       1116      14320         92       1428     681450   Grand Totals
     12052       1116      14320         92       1428     681450   ELF Image Totals
     12052       1116      14320         92          0          0   ROM Totals

==============================================================================

    Total RO  Size (Code + RO Data)                26372 (  25.75kB)
    Total RW  Size (RW Data + ZI Data)              1520 (   1.48kB)
    Total ROM Size (Code + RO Data + RW Data)      26464 (  25.84kB)

==============================================================================

